[21:33:10] ==== START: 3 videos | outdir=C:\Users\[가림-계정]\Desktop\dohwadore_saju_자막 | cookies=no ====
[21:33:15] [1/3] sdGUxQ-eiI4 OK (17288 chars) :: [사주] 인생에 돈이 크게 들어오는 10년은 정해져 있습니다 | 내 사주 만세력 속 7가지
[21:33:18] [2/3] 6mM3TmvcLKU ERROR :: 'cp949' codec can't encode character '\u022b' in position 141: illegal multibyte sequence
[21:33:24] [3/3] zFgTCU1HF1w OK (58597 chars) :: [사주] 7월운세ㅣ분량 조절 실패지만 그만큼 알아두면 좋은 기회가 많은 을미월 운세(특히 
[21:33:25] ==== DONE: {'ok': 2, 'error': 1} ====
[21:34:04] ==== START: 3 videos | outdir=C:\Users\[가림-계정]\Desktop\dohwadore_saju_자막 | cookies=no ====
[21:34:04] [1/3] sdGUxQ-eiI4 SKIP (exists)
[21:34:07] [2/3] 6mM3TmvcLKU FAIL (no metadata) :: ERROR: [youtube] 6mM3TmvcLKU: This video is available to this channel's members on level: 홍염🌺 : 멤버십 전용 프리미엄 사주 콘텐츠 (or any higher level). Join this channel to get access to members-only content and other exclusive perks.
[21:34:08] [3/3] zFgTCU1HF1w SKIP (exists)
[21:34:09] ==== DONE: {'skip': 2, 'fail': 1} ====
[21:35:01] ==== START: 259 videos | outdir=C:\Users\[가림-계정]\Desktop\dohwadore_saju_자막 | cookies=no ====
[21:35:01] [1/259] sdGUxQ-eiI4 SKIP (exists)
[21:35:04] [2/259] 6mM3TmvcLKU FAIL (no metadata) :: ERROR: [youtube] 6mM3TmvcLKU: This video is available to this channel's members on level: 홍염🌺 : 멤버십 전용 프리미엄 사주 콘텐츠 (or any higher level). Join this channel to get access to members-only content and other exclusive perks.
[21:35:05] [3/259] zFgTCU1HF1w SKIP (exists)
[21:35:08] [4/259] FBGU4nJieME FAIL (no metadata) :: ERROR: [youtube] FBGU4nJieME: This video is available to this channel's members on level: 홍염🌺 : 멤버십 전용 프리미엄 사주 콘텐츠 (or any higher level). Join this channel to get access to members-only content and other exclusive perks.
[21:35:12] [5/259] HbfDN7ixAz4 FAIL (no metadata) :: ERROR: [youtube] HbfDN7ixAz4: This video is available to this channel's members on level: 홍염🌺 : 멤버십 전용 프리미엄 사주 콘텐츠 (or any higher level). Join this channel to get access to members-only content and other exclusive perks.
[21:35:17] [6/259] Q69NMW8ceEc OK (15198 chars) :: [사주] 2027년 붉은 양의 해 미리보는 운세 리딩법⭐ㅣ만세력으로 쉽게 보는 내 인생 시
[21:35:21] [7/259] AZDrjQ1WBUc OK (11514 chars) :: [사주] 왕초보도 이해하기 쉬운 자미두수 기본 구조와 보는법(⭐)ㅣ사주·자미두수로 '내 인
[21:35:24] [8/259] roTt1E0P4hI FAIL (no metadata) :: ERROR: [youtube] roTt1E0P4hI: This video is available to this channel's members on level: 홍염🌺 : 멤버십 전용 프리미엄 사주 콘텐츠 (or any higher level). Join this channel to get access to members-only content and other exclusive perks.
[21:35:33] [9/259] Aks01uMljX4 OK (54299 chars) :: [사주] 6월부터 시작되는 하반기 운, 상반기와는 크게 달라집니다ㅣ일간별 26년 하반기 첫
[21:35:36] [10/259] Rc24FhNWO48 FAIL (no metadata) :: ERROR: [youtube] Rc24FhNWO48: This video is available to this channel's members on level: 홍염🌺 : 멤버십 전용 프리미엄 사주 콘텐츠 (or any higher level). Join this channel to get access to members-only content and other exclusive perks.
[21:35:40] [11/259] mEpzUdYQEaQ OK (14713 chars) :: 사주보다 선명하게 사람 속마음이 보인다!?🫣ㅣ자미두수로 보는 내 사람 vs 거를 사람(EP
[21:35:47] [12/259] JMCgXyFr2hg OK (9057 chars) :: [사주] 처음 본 구독자 사주 전화 데이트하며 맞혀봤습니다🔮ㅣ직업·연애·말투 단서만으로 일
[21:35:50] [13/259] 5N8Nmdzbmv0 FAIL (no metadata) :: ERROR: [youtube] 5N8Nmdzbmv0: This video is available to this channel's members on level: 홍염🌺 : 멤버십 전용 프리미엄 사주 콘텐츠 (or any higher level). Join this channel to get access to members-only content and other exclusive perks.
[21:35:55] [14/259] ADK7WqK4d1Y OK (32370 chars) :: [사주] 좋은 꿈 중 특히 길몽은 이런 꿈이예요🎉ㅣ26년차 만신이 알려주는 가장 강력한 길
[21:35:58] [15/259] c98HU0FG0tE FAIL (no metadata) :: ERROR: [youtube] c98HU0FG0tE: This video is available to this channel's members on level: 홍염🌺 : 멤버십 전용 프리미엄 사주 콘텐츠 (or any higher level). Join this channel to get access to members-only content and other exclusive perks.
[21:36:01] [16/259] Gw-Tg9wFYVM FAIL (no metadata) :: ERROR: [youtube] Gw-Tg9wFYVM: This video is available to this channel's members on level: 홍염🌺 : 멤버십 전용 프리미엄 사주 콘텐츠 (or any higher level). Join this channel to get access to members-only content and other exclusive perks.
[21:36:04] [17/259] z2qCI8DZa28 NO_KO_CAPTION :: [사주] 5월운세ㅣ26년 운기가 가장 강한 5월, 내 사주에 생길 좋은 일과 조심할 일(일
[21:36:09] [18/259] g_pf1FHQGVs OK (31308 chars) :: [사주] 즉석에서 신령님이 알려주시는 결국 부자되는 사람들의 인생(ft.운명전쟁 49 천명
[21:36:12] [19/259] DZdQGfyC_zU FAIL (no metadata) :: ERROR: [youtube] DZdQGfyC_zU: This video is available to this channel's members on level: 홍염🌺 : 멤버십 전용 프리미엄 사주 콘텐츠 (or any higher level). Join this channel to get access to members-only content and other exclusive perks.
[21:36:17] [20/259] a3qufG3oEug OK (32636 chars) :: [사주]작년에 난리난 26년 사주 연애운 캘린더📅l월별로 정리한 연애운, 이성운, 이별운 
[21:36:21] [21/259] 1mRtMD6TXQg OK (15559 chars) :: [사주] 2026년 이성운, 연애운 좋은 사주💖ㅣ병오년 도파민 연애 시대, 올해 연애운 좋
[21:36:24] [22/259] qbpNraAZKEc FAIL (no metadata) :: ERROR: [youtube] qbpNraAZKEc: This video is available to this channel's members on level: 홍염🌺 : 멤버십 전용 프리미엄 사주 콘텐츠 (or any higher level). Join this channel to get access to members-only content and other exclusive perks.
[21:36:29] [23/259] U2lkItDJ4kE OK (55872 chars) :: [사주] 4월운세ㅣ지금부터 5월 말까지 좋은 사주, 유의해야하는 사주(사주별 개운법 및 비
[21:36:32] [24/259] ZzqNiTgG4Y4 FAIL (no metadata) :: ERROR: [youtube] ZzqNiTgG4Y4: This video is available to this channel's members on level: 홍염🌺 : 멤버십 전용 프리미엄 사주 콘텐츠 (or any higher level). Join this channel to get access to members-only content and other exclusive perks.
[21:36:34] [25/259] dbfELJSWNlc FAIL (no metadata) :: ERROR: [youtube] dbfELJSWNlc: This video is available to this channel's members on level: 홍염🌺 : 멤버십 전용 프리미엄 사주 콘텐츠 (or any higher level). Join this channel to get access to members-only content and other exclusive perks.
[21:36:39] [26/259] TvZdJ1J3Bpw OK (10720 chars) :: [운명전쟁49] 도파민 싹 도는 서로 점 봐주기ㅣ이소빈 신점 vs 도화도르 사주 + 자미두
[21:36:43] [27/259] HFNZmoinSmQ OK (21457 chars) :: [사주] 2026년 일간별 취업·시험합격 좋은 달ㅣ내 사주에 맞는 최적의 시기와 29년까지
[21:36:46] [28/259] IGC-4vVuuyI FAIL (no metadata) :: ERROR: [youtube] IGC-4vVuuyI: This video is available to this channel's members on level: 홍염🌺 : 멤버십 전용 프리미엄 사주 콘텐츠 (or any higher level). Join this channel to get access to members-only content and other exclusive perks.
[21:36:50] [29/259] 79K-rIkJSNU OK (13103 chars) :: [사주] 26년 시험·취업·이직 유리한 사주 9가지 완벽 분석ㅣ내 사주에 맞는 직업과 진로
[21:36:53] [30/259] aMBNZHV8jjA FAIL (no metadata) :: ERROR: [youtube] aMBNZHV8jjA: This video is available to this channel's members on level: 홍염🌺 : 멤버십 전용 프리미엄 사주 콘텐츠 (or any higher level). Join this channel to get access to members-only content and other exclusive perks.
[21:36:57] [31/259] kpErnlo838s OK (23505 chars) :: [운명전쟁49] 20년차 엠씨몽 무당 이소빈이 말아주는 대유잼 무속의 모든 것 + 살벌한 
[21:37:00] [32/259] dNcDVsE5wo8 FAIL (no metadata) :: ERROR: [youtube] dNcDVsE5wo8: This video is available to this channel's members on level: 홍염🌺 : 멤버십 전용 프리미엄 사주 콘텐츠 (or any higher level). Join this channel to get access to members-only content and other exclusive perks.
[21:37:04] [33/259] 6ljooVVZpps OK (49814 chars) :: [사주] 3월운세ㅣ26년 새로운 좋은 흐름이 시작되는 사람들(일간별 정리)
[21:37:07] [34/259] C5YRgrSpWdk FAIL (no metadata) :: ERROR: [youtube] C5YRgrSpWdk: This video is available to this channel's members on level: 홍염🌺 : 멤버십 전용 프리미엄 사주 콘텐츠 (or any higher level). Join this channel to get access to members-only content and other exclusive perks.
[21:37:10] [35/259] Z1gRGHWBSvM FAIL (no metadata) :: ERROR: [youtube] Z1gRGHWBSvM: This video is available to this channel's members on level: 홍염🌺 : 멤버십 전용 프리미엄 사주 콘텐츠 (or any higher level). Join this channel to get access to members-only content and other exclusive perks.
[21:37:14] [36/259] obnysj4TEv8 OK (38299 chars) :: [사주] 2026년 월별로 자세하게 정리한 재물운💸ㅣ알아두면 큰돈 잡을 기회 있는 금전운 
[21:37:17] [37/259] LZpAPT7emI4 FAIL (no metadata) :: ERROR: [youtube] LZpAPT7emI4: This video is available to this channel's members on level: 홍염🌺 : 멤버십 전용 프리미엄 사주 콘텐츠 (or any higher level). Join this channel to get access to members-only content and other exclusive perks.
[21:37:21] [38/259] 9w_nPKVm8Bk OK (14944 chars) :: [사주] 26년 재물운이 극적으로 달라지는 사람들 사주 유형별 총정리💰ㅣ병오년 재물운 키워
[21:37:25] [39/259] C1_8B9XOAeg OK (52139 chars) :: [사주] 26년 2월운세🐯ㅣ올해 병오년 시작이 꽤 좋은 사람들 + 일간별 중요한 포인트 짚
[21:37:28] [40/259] -IP7ZcPMs-4 FAIL (no metadata) :: ERROR: [youtube] -IP7ZcPMs-4: This video is available to this channel's members on level: 홍염🌺 : 멤버십 전용 프리미엄 사주 콘텐츠 (or any higher level). Join this channel to get access to members-only content and other exclusive perks.
[21:37:33] [41/259] OMtnPc_jaGo OK (22666 chars) :: [사주] 수 많은 사주, 임수, 계수일간 26년 신년운세 및 기대되는 좋은 일들 (유형별 
[21:37:37] [42/259] MKn_My9P2_s OK (25175 chars) :: [사주] 금 많은 사주, 경금, 신금일간 26년 신년운세 및 기대되는 좋은 일들 (유형별 
[21:37:42] [43/259] rUN3J7L2Nno OK (10839 chars) :: [사주] 환승연애, 재회, 장기연애하는 사주 특징 완벽정리ㅣ재회운 들어오는 시기 보는법(도
[21:37:46] [44/259] GY_jTMvvxL0 OK (28030 chars) :: [사주] 토 많은 사주, 무토, 기토일간 26년 신년운세 및 기대되는 좋은 일들 (유형별 
[21:37:49] [45/259] QTxoKBfXK98 FAIL (no metadata) :: ERROR: [youtube] QTxoKBfXK98: This video is available to this channel's members on level: 홍염🌺 : 멤버십 전용 프리미엄 사주 콘텐츠 (or any higher level). Join this channel to get access to members-only content and other exclusive perks.
[21:37:55] [46/259] Hdn_wEMauGQ OK (25340 chars) :: [사주] 불이 많은 사주, 병화, 정화일간에게 생길 26년 좋은 일들과 26년 신년운세 (
[21:37:58] [47/259] fFRX_urIuk4 FAIL (no metadata) :: ERROR: [youtube] fFRX_urIuk4: This video is available to this channel's members on level: 홍염🌺 : 멤버십 전용 프리미엄 사주 콘텐츠 (or any higher level). Join this channel to get access to members-only content and other exclusive perks.
[21:38:02] [48/259] UjuZNix2BAw OK (29810 chars) :: [26년 신년운세] 나무가 많은 사주, 갑목, 을목일간에게 생길 26년 좋은 일들과 1년 
[21:38:06] [49/259] vEosWRH759M OK (7093 chars) :: [사주] 신년운세 볼 때 OO운이 좋다는 말, 진짜 속뜻은 이렇게 보셔야합니다ㅣ26년 신년
[21:38:09] [50/259] XRguIFZZ2dc OK (1495 chars) :: 2026년 신년운세 콘텐츠 안내입니다
[21:38:13] [51/259] UqPE99sviz0 OK (8129 chars) :: [사주] 26년부터 홍염살 사주가 도화살보다 강력하게 발현됩니다ㅣ홍염살 사주 추천 개운법🌺
[21:38:16] [52/259] R7JTmAMlX0A FAIL (no metadata) :: ERROR: [youtube] R7JTmAMlX0A: This video is available to this channel's members on level: 홍염🌺 : 멤버십 전용 프리미엄 사주 콘텐츠 (or any higher level). Join this channel to get access to members-only content and other exclusive perks.
[21:38:19] [53/259] kJVJRjtB7zU FAIL (no metadata) :: ERROR: [youtube] kJVJRjtB7zU: This video is available to this channel's members on level: 홍염🌺 : 멤버십 전용 프리미엄 사주 콘텐츠 (or any higher level). Join this channel to get access to members-only content and other exclusive perks.
[21:38:23] [54/259] fblqpRXNgUk OK (62534 chars) :: [사주] 25년 12월운세🐭ㅣ26년 운세까지 스포했더니 분량조절 실패했습니다..💬(1년간 
[21:38:27] [55/259] wWFGPqEbinc OK (14871 chars) :: [사주] 혼자 살면 오히려 좋은 사주팔자 유형 총정리👍ㅣ결혼 늦게 하는 사주가 인생이 풀리
[21:38:32] [56/259] 5nHIVlZcpdA OK (19472 chars) :: [사주] 요즘 시대엔 특정 오행이 없는 사주가 더 큰 기회를 가집니다ㅣ요즘 잘 풀리는 사주
[21:38:36] [57/259] 7dGAuqChAEE FAIL (no metadata) :: ERROR: [youtube] 7dGAuqChAEE: This video is available to this channel's members on level: 홍염🌺 : 멤버십 전용 프리미엄 사주 콘텐츠 (or any higher level). Join this channel to get access to members-only content and other exclusive perks.
[21:38:40] [58/259] YgQqVcGpua0 OK (10378 chars) :: [사주] 성형도 날짜보고 하는 게 좋다? 성형하기 좋은 날과 대박나는 사주는 따로 있습니다
[21:38:43] [59/259] kfIK2Smo-7E FAIL (no metadata) :: ERROR: [youtube] kfIK2Smo-7E: This video is available to this channel's members on level: 홍염🌺 : 멤버십 전용 프리미엄 사주 콘텐츠 (or any higher level). Join this channel to get access to members-only content and other exclusive perks.
[21:38:54] [60/259] aEoXEt1Dc0I OK (45595 chars) :: [사주] 11월운세ㅣ2025년이 내게 주고 떠나는 마지막 좋은 운과 기회ㅣ 정해월 일간별 
[21:38:58] [61/259] G5GFdpXb9o0 OK (9425 chars) :: [사주] 26년 내게 좋은 기회와 운을 가져다 주는 최고궁합(한해귀인)✨ㅣ특히 화 기운이 
[21:39:01] [62/259] QEWqBvU7AOE FAIL (no metadata) :: ERROR: [youtube] QEWqBvU7AOE: This video is available to this channel's members on level: 홍염🌺 : 멤버십 전용 프리미엄 사주 콘텐츠 (or any higher level). Join this channel to get access to members-only content and other exclusive perks.
[21:39:05] [63/259] uGR5D3bQO7E OK (11929 chars) :: [사주] 도화살이 강력하게 발현되는 사주 구성 4가지ㅣ도화살 사주는 꼭 확인하세요🌸ㅣ강한 
[21:39:10] [64/259] aOfDGWCotRE OK (3145 chars) :: [26년 신년운세] 올해보다 훨씬 기대되는 사주 완벽 분석!ㅣ60년만에 가장 기운이 강한 
[21:39:13] [65/259] PfaqHjHHyu8 FAIL (no metadata) :: ERROR: [youtube] PfaqHjHHyu8: This video is available to this channel's members on level: 홍염🌺 : 멤버십 전용 프리미엄 사주 콘텐츠 (or any higher level). Join this channel to get access to members-only content and other exclusive perks.
[21:39:17] [66/259] eGtd1FGiMoc OK (14931 chars) :: 내 사주로 보는 큰 돈 들어오는 날 보는법💰ㅣ추석 특집 사주보는법(+살 잘찌는 사주, 잔소
[21:39:22] [67/259] vaNzYu9NJ04 OK (7418 chars) :: [사주] 내 사주에 맞는 SNS는 따로 있다? ㅣ유튜브 vs 인스타 vs 틱톡 중 내 사주
[21:39:25] [68/259] Td4bara53Kg FAIL (no metadata) :: ERROR: [youtube] Td4bara53Kg: This video is available to this channel's members on level: 홍염🌺 : 멤버십 전용 프리미엄 사주 콘텐츠 (or any higher level). Join this channel to get access to members-only content and other exclusive perks.
[21:39:29] [69/259] PVaGLhG3cR4 OK (45091 chars) :: [사주]10월 운세가 좋은 사람은 26년 역시 유리합니다🫧ㅣ일간별 26년을 위해 미리 시작
[21:39:34] [70/259] Gzjx7_a4WYQ OK (6031 chars) :: 사주로 본 2026년은 역대급 재물운의 시기입니다ㅣ미리보는 화 시대 일어날 일과 내 사주에
[21:39:37] [71/259] 9vqMm6fYuF0 FAIL (no metadata) :: ERROR: [youtube] 9vqMm6fYuF0: This video is available to this channel's members on level: 홍염🌺 : 멤버십 전용 프리미엄 사주 콘텐츠 (or any higher level). Join this channel to get access to members-only content and other exclusive perks.
[21:39:40] [72/259] NjG_bF5_LYM OK (18890 chars) :: [사주]내 전애인들 사주가 모두 비슷해요...😨 | 사주로 보면 소름 돋는 연애 패턴의 비
[21:39:54] [73/259] 1TmqnQ9apnE OK (22005 chars) :: [사주] 9월운세ㅣ일간별로 26년 잘 되기 위해 지금부터 천천히 생각해두면 좋은 것들🙏
[21:39:57] [74/259] ZF2bRuWyCXU OK (7246 chars) :: [사주] 내 사주에 필요한 오행이 들어오면 인생은 풀립니다ㅣ어떤 오행이 나랑 맞을까? 초보
[21:40:00] [75/259] l8_LyBHzbj8 FAIL (no metadata) :: ERROR: [youtube] l8_LyBHzbj8: This video is available to this channel's members on level: 홍염🌺 : 멤버십 전용 프리미엄 사주 콘텐츠 (or any higher level). Join this channel to get access to members-only content and other exclusive perks.
[21:40:03] [76/259] 9Mx_xu5FQD4 FAIL (no metadata) :: ERROR: [youtube] 9Mx_xu5FQD4: This video is available to this channel's members on level: 홍염🌺 : 멤버십 전용 프리미엄 사주 콘텐츠 (or any higher level). Join this channel to get access to members-only content and other exclusive perks.
[21:40:08] [77/259] bzMmtU1xFBk OK (31133 chars) :: [사주] 일간별로 최대한 자세하게 정리한 하반기 운세ㅣ기회가 되는 달, 26년을 위해 미리
[21:40:12] [78/259] tfXuzm2z5wY OK (13571 chars) :: [사주] 25년 하반기 운세, 저는 이분들이 가장 기대됩니다(월별로 정리한 좋은 운, 미리
[21:40:15] [79/259] iurEBAFZeEk FAIL (no metadata) :: ERROR: [youtube] iurEBAFZeEk: This video is available to this channel's members on level: 홍염🌺 : 멤버십 전용 프리미엄 사주 콘텐츠 (or any higher level). Join this channel to get access to members-only content and other exclusive perks.
[21:40:19] [80/259] J6yMBhXevK8 OK (11878 chars) :: [사주] 토 있는 사주, 화개살 사주가 사업운, 재물복으로 연결되는 이유ㅣ토 사주는 결국 
[21:40:22] [81/259] WFJotOsenow FAIL (no metadata) :: ERROR: [youtube] WFJotOsenow: This video is available to this channel's members on level: 홍염🌺 : 멤버십 전용 프리미엄 사주 콘텐츠 (or any higher level). Join this channel to get access to members-only content and other exclusive perks.
[21:40:25] [82/259] 9w8tu8NuVV4 FAIL (no metadata) :: ERROR: [youtube] 9w8tu8NuVV4: This video is available to this channel's members on level: 사린이🍀 : 이모티콘으로 내 사주 표현하기❤ (or any higher level). Join this channel to get access to members-only content and other exclusive perks.
[21:40:29] [83/259] M6S9EVF4SsQ OK (42777 chars) :: [사주] 이번 8월을 기점으로 확 바뀌는 내 상황과 인생의 흐름💫ㅣ이번 달 내 사주로 보는
[21:40:33] [84/259] VSuNGpYP_RM OK (7983 chars) :: [사주] 나는 언제 잘될까? 내 사주 화개살이 발현되는 시기, 년도 보는 법ㅣ진짜 강력한 
[21:40:36] [85/259] Wx9mdJL0uq4 OK (18503 chars) :: [사주] 내 사주에 맞는 옷 색깔은 따로 있다!?👚👕ㅣ엠넷 경력직 왁씨의 스우파3 소신발언
[21:40:39] [86/259] yXFPiEuB690 FAIL (no metadata) :: ERROR: [youtube] yXFPiEuB690: This video is available to this channel's members on level: 홍염🌺 : 멤버십 전용 프리미엄 사주 콘텐츠 (or any higher level). Join this channel to get access to members-only content and other exclusive perks.
[21:40:44] [87/259] LTnuvjiwvLY OK (13539 chars) :: [사주] 천을귀인처럼 좋은 신살이 잘 발현되는 사람들은 따로 있습니다ㅣ있으면 좋은 길살 모
[21:40:47] [88/259] 9uhQjPOmyf4 FAIL (no metadata) :: ERROR: [youtube] 9uhQjPOmyf4: This video is available to this channel's members on level: 홍염🌺 : 멤버십 전용 프리미엄 사주 콘텐츠 (or any higher level). Join this channel to get access to members-only content and other exclusive perks.
[21:40:50] [89/259] qYrm7X2z0qw FAIL (no metadata) :: ERROR: [youtube] qYrm7X2z0qw: This video is available to this channel's members on level: 홍염🌺 : 멤버십 전용 프리미엄 사주 콘텐츠 (or any higher level). Join this channel to get access to members-only content and other exclusive perks.
[21:40:54] [90/259] nNuYJ3WYNIU OK (11181 chars) :: 내 사주팔자 아래 줄에 숨겨진 나의 진짜 재능과 무기ㅣ지지로 보는 인생 반전카드 🃝🃞
[21:40:58] [91/259] 97xRBoAAij0 OK (10527 chars) :: [사주] 진짜 쉽게 설명해주는 만세력으로 혼자 사주보기(1탄)
[21:41:01] [92/259] frVL-5oNCGc FAIL (no metadata) :: ERROR: [youtube] frVL-5oNCGc: This video is available to this channel's members on level: 홍염🌺 : 멤버십 전용 프리미엄 사주 콘텐츠 (or any higher level). Join this channel to get access to members-only content and other exclusive perks.
[21:41:06] [93/259] Uc2kImcX2jY OK (16829 chars) :: 상대방 사주 일간만 알면 연애, 썸, 비즈니스까지 성공합니다ㅣ누군가 마음을 얻을 때 쓰면 
[21:41:16] [94/259] CG3m8BaNXeI FAIL (no metadata) :: ERROR: [youtube] CG3m8BaNXeI: This video is available to this channel's members on level: 홍염🌺 : 멤버십 전용 프리미엄 사주 콘텐츠 (or any higher level). Join this YouTube channel from your computer or Android app.
[21:41:19] [95/259] fECJuVel0lc FAIL (no metadata) :: ERROR: [youtube] fECJuVel0lc: This video is available to this channel's members on level: 홍염🌺 : 멤버십 전용 프리미엄 사주 콘텐츠 (or any higher level). Join this channel to get access to members-only content and other exclusive perks.
[21:41:25] [96/259] DgDFDJ07k1E OK (10337 chars) :: [사주] 김문수는 역전할 수 있을까? l 사주와 자미로 보는 운세 예측 및 국운 흐름ㅣ상승
[21:41:29] [97/259] rXNlPbwUt3Q OK (11134 chars) :: [사주] 이재명 후보의 사주풀이와 대통령 당선 시 대한민국의 변화 예측🗳️🇰🇷 (놀라운 일
[21:41:34] [98/259] UGiCEV6yYug OK (10141 chars) :: [사주] 25년 상반기부터 27년까지 '특급' 좋은 사주 4가지 완벽 분석☯️ㅣ60년만에 
[21:41:37] [99/259] grWcYjAwvnY FAIL (no metadata) :: ERROR: [youtube] grWcYjAwvnY: This video is available to this channel's members on level: 홍염🌺 : 멤버십 전용 프리미엄 사주 콘텐츠 (or any higher level). Join this channel to get access to members-only content and other exclusive perks.
[21:41:42] [100/259] FWbDk9WIWe0 OK (15630 chars) :: [사주] 25년 취업운, 이직 타이밍, 사업확장하기 좋은 시기와 구체적인 진로운 총정리🤫(
[21:41:45] [101/259] yt8Zj9q8a8E FAIL (no metadata) :: ERROR: [youtube] yt8Zj9q8a8E: This video is available to this channel's members on level: 홍염🌺 : 멤버십 전용 프리미엄 사주 콘텐츠 (or any higher level). Join this channel to get access to members-only content and other exclusive perks.
[21:41:50] [102/259] QjG2lqieYGo OK (35757 chars) :: [사주] 병존 사주에만 발견되는 삶의 흐름과 희귀한 특징 총정리💫ㅣ모든 병존 22가지 종류
[21:41:55] [103/259] HAozfFV3QlA OK (11981 chars) :: [사주] 내 사주에 맞는 직업, 진로, 이직보는 방법 4단계 + 요즘 직업 중 내 사주랑 
[21:41:59] [104/259] cQmdxGPWaaA OK (32738 chars) :: [사주] 결혼 적령기 분들을 위한 결혼 궁합보다 중요한 결혼운의 모든 것🎙️ㅣ늦은 결혼? 
[21:42:05] [105/259] 9aFkGK2_ORE NO_KO_CAPTION :: [사주] 저 결혼 몇살에 해요? 💐+ 내 사주에 적힌 배우자 모습 미리보기👰🏻‍♀️🤵🏻‍♂
[21:42:09] [106/259] G0Mf_p2CWZM FAIL (no metadata) :: ERROR: [youtube] G0Mf_p2CWZM: This video is available to this channel's members on level: 홍염🌺 : 멤버십 전용 프리미엄 사주 콘텐츠 (or any higher level). Join this channel to get access to members-only content and other exclusive perks.
[21:42:12] [107/259] hsn6oMyqrrQ FAIL (no metadata) :: ERROR: [youtube] hsn6oMyqrrQ: This video is available to this channel's members on level: 홍염🌺 : 멤버십 전용 프리미엄 사주 콘텐츠 (or any higher level). Join this channel to get access to members-only content and other exclusive perks.
[21:42:15] [108/259] hCptUnMv66I FAIL (no metadata) :: ERROR: [youtube] hCptUnMv66I: This video is available to this channel's members on level: 홍염🌺 : 멤버십 전용 프리미엄 사주 콘텐츠 (or any higher level). Join this channel to get access to members-only content and other exclusive perks.
[21:42:17] [109/259] tzSSjUk3jOI FAIL (no metadata) :: ERROR: [youtube] tzSSjUk3jOI: This video is available to this channel's members on level: 홍염🌺 : 멤버십 전용 프리미엄 사주 콘텐츠 (or any higher level). Join this channel to get access to members-only content and other exclusive perks.
[21:42:21] [110/259] gaXiufjSY6U OK (29613 chars) :: 내 사주에 맞는 직업 이렇게 찾을 수 있더라고요!(ft.수빙수)🎙️ㅣ사주에 맞는 일은 따로
[21:42:24] [111/259] BRGYp83Yd8A FAIL (no metadata) :: ERROR: [youtube] BRGYp83Yd8A: This video is available to this channel's members on level: 홍염🌺 : 멤버십 전용 프리미엄 사주 콘텐츠 (or any higher level). Join this channel to get access to members-only content and other exclusive perks.
[21:42:28] [112/259] bWc7HnTe4mU OK (24460 chars) :: 사주엔 내 전생도 나와 있다..!?ㅣ전생이 지금 현생에 이런 영향을 미칩니다! [New 사
[21:42:30] [113/259] pa3Njp0hwJg FAIL (no metadata) :: ERROR: [youtube] pa3Njp0hwJg: This video is available to this channel's members on level: 홍염🌺 : 멤버십 전용 프리미엄 사주 콘텐츠 (or any higher level). Join this channel to get access to members-only content and other exclusive perks.
[21:42:35] [114/259] v-xZDRAU5iY OK (10825 chars) :: [사주] 똑같은 글자가 양옆에 붙어있는 사주가 '찐'인 이유ㅣ병존 사주의 특징과 장점(1탄
[21:42:38] [115/259] 7FpuvBNohVs FAIL (no metadata) :: ERROR: [youtube] 7FpuvBNohVs: This video is available to this channel's members on level: 홍염🌺 : 멤버십 전용 프리미엄 사주 콘텐츠 (or any higher level). Join this channel to get access to members-only content and other exclusive perks.
[21:42:44] [116/259] HarGYzqNrwo OK (26723 chars) :: 작년에 난리난  25년 사주 연애운 캘린더📅l월별로 정리한 연애운, 이성운, 이별운 특징(
[21:42:47] [117/259] vreAWInbG5c FAIL (no metadata) :: ERROR: [youtube] vreAWInbG5c: This video is available to this channel's members on level: 홍염🌺 : 멤버십 전용 프리미엄 사주 콘텐츠 (or any higher level). Join this channel to get access to members-only content and other exclusive perks.
[21:42:50] [118/259] b5GLhEoAi7c FAIL (no metadata) :: ERROR: [youtube] b5GLhEoAi7c: This video is available to this channel's members on level: 홍염🌺 : 멤버십 전용 프리미엄 사주 콘텐츠 (or any higher level). Join this channel to get access to members-only content and other exclusive perks.
[21:42:56] [119/259] sMcTVFMJEf4 NO_KO_CAPTION :: [사주] 2025년 연애운, 이성운은 사주에 이런 글자가 있으면 좋습니다🌸ㅣ일간, 일지로 
[21:42:59] [120/259] 3HWJxajOJ_U FAIL (no metadata) :: ERROR: [youtube] 3HWJxajOJ_U: This video is available to this channel's members on level: 홍염🌺 : 멤버십 전용 프리미엄 사주 콘텐츠 (or any higher level). Join this channel to get access to members-only content and other exclusive perks.
[21:43:02] [121/259] aH0_MwjJ1ZA FAIL (no metadata) :: ERROR: [youtube] aH0_MwjJ1ZA: This video is available to this channel's members on level: 사린이🍀 : 이모티콘으로 내 사주 표현하기❤ (or any higher level). Join this channel to get access to members-only content and other exclusive perks.
[21:43:06] [122/259] fnxjOcI9_4c OK (12311 chars) :: [사주] 2025년 연애운이 진짜로 흥미로운 이유ㅣ작년보다 연애와 결혼이 성사되는 해💖(e
[21:43:09] [123/259] tlwtiISMgU4 FAIL (no metadata) :: ERROR: [youtube] tlwtiISMgU4: This video is available to this channel's members on level: 홍염🌺 : 멤버십 전용 프리미엄 사주 콘텐츠 (or any higher level). Join this channel to get access to members-only content and other exclusive perks.
[21:43:12] [124/259] IeTS6NXAUPQ FAIL (no metadata) :: ERROR: [youtube] IeTS6NXAUPQ: This video is available to this channel's members on level: 홍염🌺 : 멤버십 전용 프리미엄 사주 콘텐츠 (or any higher level). Join this channel to get access to members-only content and other exclusive perks.
[21:43:16] [125/259] yjBoFOrtZ78 OK (11347 chars) :: [사주] 삼재 볼 때는 반드시 좋게 풀리는 복삼재도 봐야합니다ㅣ삼재풀이 방법, 오히려 삼재
[21:43:19] [126/259] _ftUIhcWaVM FAIL (no metadata) :: ERROR: [youtube] _ftUIhcWaVM: This video is available to this channel's members on level: 홍염🌺 : 멤버십 전용 프리미엄 사주 콘텐츠 (or any higher level). Join this channel to get access to members-only content and other exclusive perks.
[21:43:24] [127/259] YHqzIdmdwvQ OK (14521 chars) :: [사주] 25년 큰 돈 벌기 위해 일간별로 알아야 할 재물운💸ㅣ꼼꼼히 정리한 25년 재물운
[21:43:27] [128/259] n5iT1WwSmgA FAIL (no metadata) :: ERROR: [youtube] n5iT1WwSmgA: This video is available to this channel's members on level: 사린이🍀 : 이모티콘으로 내 사주 표현하기❤ (or any higher level). Join this channel to get access to members-only content and other exclusive perks.
[21:43:30] [129/259] nbDWB99z2cg FAIL (no metadata) :: ERROR: [youtube] nbDWB99z2cg: This video is available to this channel's members on level: 홍염🌺 : 멤버십 전용 프리미엄 사주 콘텐츠 (or any higher level). Join this channel to get access to members-only content and other exclusive perks.
[21:43:34] [130/259] lQE5kWBt6Zc OK (12218 chars) :: [사주] 25년은 뱀의 해는 특히 ✨재물운✨이 좋은 해 입니다(ep.3)ㅣ내 사주로 보는 
[21:43:38] [131/259] JJLf2EAVSho OK (27765 chars) :: [사주] 25년엔 이런 분들이 잘 되겠네요🐍ㅣ최대한 자세히 풀어본 25년 을사년 신년운세(
[21:43:43] [132/259] srncauynzTw OK (16218 chars) :: [사주]25년 신년운세, 정말 잘 알려드리고 싶어서 이렇게 가지고 왔습니다(ep.1)ㅣ(정
[21:43:47] [133/259] MtP9MSn9hl4 OK (7169 chars) :: [사주] 계엄령 이후 심상치 않은 25년 국운과 윤석열 대통령의 미래
[21:43:51] [134/259] g6gc3v2lleo OK (8841 chars) :: 사주마다 좋은 일 생기는 시기는 정해져 있습니다✨ㅣ내 사주에 있는 글자가 운으로 들어올 때
[21:43:55] [135/259] uMGbLN-m3mI OK (9115 chars) :: [사주] 저 언제 연애해요? + 내게 딱 맞는 사람인지 궁합 보는법(25년 연애운 미리 알
[21:43:58] [136/259] 5AK6V93YdH8 FAIL (no metadata) :: ERROR: [youtube] 5AK6V93YdH8: This video is available to this channel's members on level: 홍염🌺 : 멤버십 전용 프리미엄 사주 콘텐츠 (or any higher level). Join this channel to get access to members-only content and other exclusive perks.
[21:44:02] [137/259] fTpXuWLd9DM OK (8186 chars) :: [사주] 처음 공개하는 내가 사주보고 투자하는 법🌠ㅣ사주 관심있는 사람들은 결국 주식도 잘
[21:44:05] [138/259] yhJrZbg-qbA OK (10117 chars) :: [사주] 2025년 재물운 잘 쓰는 구체적인 개운법ㅣ내 사주에 맞는 화[火] 재물운 활용법
[21:44:11] [139/259] Kil7zPN1Q8c OK (6115 chars) :: 큰 돈 버는 기회는 사주에 나와있는 '시기'가 중요합니다ㅣ25~27년 3년간 내 사주에 맞
[21:44:22] [140/259] T7UQDNLwySQ OK (7499 chars) :: 내 인생을 바꿀 수도 있는 25~27년 3년 동안 강하게 작용하는 재물운
[21:44:26] [141/259] uVMW_Mknsu4 OK (12651 chars) :: 직업, 진로 만큼은 사주가 진짜 잘 맞더라고요💡ㅣ내 사주로 쉽게 보는 여러가지 나의 천직 
[21:44:29] [142/259] HbsnHAzilL8 OK (63128 chars) :: 오히려 좋아..😃내 사주에 특정 오행이 없을 때 사주보는 법과 해결방법✨사주에 색깔이 5개
[21:44:34] [143/259] MAk4ijyIkHw OK (4615 chars) :: [사주] 무료 사주 상담을 시작하는 이유(ep.0)
[21:44:37] [144/259] 5SM82rhWs-0 OK (8520 chars) :: [사주] 내가 생각하는 좋은 운과 나쁜 운이 실제로 인생에 미치는 영향(운세 콘텐츠 시청자
[21:44:40] [145/259] 7z9YQrlvMjA FAIL (no metadata) :: ERROR: [youtube] 7z9YQrlvMjA: This video is available to this channel's members on level: 홍염🌺 : 멤버십 전용 프리미엄 사주 콘텐츠 (or any higher level). Join this channel to get access to members-only content and other exclusive perks.
[21:44:45] [146/259] f9-p9uxCDj4 OK (24208 chars) :: [사주] 변화가 큰 하반기 운세🐲ㅣ25년 운까지 미리 보고 정리했습니다(좋은 운을 더 좋게
[21:44:49] [147/259] h4QQewUuAKI OK (8318 chars) :: 넷플릭스 더 인플루언서 리뷰✨ 말하지 못했던 썰 ㅣ 구독자 15만으로 살아남은 전략💡
[21:44:53] [148/259] Z9wu5X2HIqA OK (12351 chars) :: 사주마다 인생이 풀리는 시기가 따로 있다?ㅣ내 인생이 바뀌는 시기 보는법✨
[21:44:57] [149/259] xgU-imzhMSo NO_KO_CAPTION :: 사주에 세로로 같은 줄이 있다? 이 영상으로 끝내세요(최종편)ㅣ12가지 종류별 특징과 향후
[21:45:01] [150/259] Xv6tyMVGG88 NO_KO_CAPTION :: 간여지동 사주가 과거보다 요즘 더 대박나는 이유🌌ㅣ간여지동 장점과 위치별 해석법과 200%
[21:45:06] [151/259] QpevQ48fu48 OK (4129 chars) :: [사주 인터뷰] 자영업, 사업하는 구독자들 사주는 어떨까? (+사업 시 사주 활용법✨)
[21:45:10] [152/259] nygIAOJA5nw OK (8709 chars) :: 사주로 본 뉴진스 계속 활동할 수 있을까?ㅣ사주로 보면 더 소름돋는 민희진과 뉴진스의 관계
[21:45:14] [153/259] GlfU8FxeUA8 OK (8465 chars) :: 설마 아일릿이 뉴진스 사주까지...?ㅣ사주로 보면 소름돋는 최근 하이브 걸그룹 논란(르세라
[21:45:18] [154/259] jqG3vNTkE5w OK (7951 chars) :: 방시혁 단월드 논란, 사주로 보면 소름돋는 이유ㅣ사주가 똑같은 방시혁 박진영, 똑같은 사이
[21:45:22] [155/259] 6oWy16JDWy4 OK (4996 chars) :: [첫화🎤] 구독자님 사주가 좀 신기하네요..?(몰빵사주)ㅣ길거리 사주 인터뷰 EP.01
[21:45:26] [156/259] iZK8iXCbPLw OK (6040 chars) :: 민희진 사주 봤는데 도파민 터졌습니다..🫠 ㅣ민희진 사주로 본 기자회견, 방시혁 궁합, 향
[21:45:30] [157/259] _3ifZZLqiJs OK (6961 chars) :: 사주로 본 윤석열 대통령의 24년, 더 큰 게 남아있다?ㅣ소름돋게 사주대로 흘러간 22대 
[21:45:34] [158/259] 5hhtuaJ3ZAI OK (3068 chars) :: 구독자님들 선물 직접 만드는 사주 유튜버 브이로그
[21:45:37] [159/259] PgfikxJbtkU OK (3752 chars) :: [사주] 주변 글자에 따라 달라지는 식신 상관의 의미ㅣ내 사주 속 식신 상관 보는법 2탄
[21:45:42] [160/259] f-IwYteO31g OK (8442 chars) :: 식신상관 사주에만 적용되는 재물운 특징ㅣ내 사주팔자 재물운 보는법 2탄
[21:45:45] [161/259] hAB_Guc67wk OK (13929 chars) :: 비견 겁재는 뭔가 특별하다? 내 사주 속 십성으로 보는 부자되는 방법ㅣ비견 겁재 사주의 부
[21:45:48] [162/259] FQFn50b5Puk OK (5843 chars) :: 내가 하면 잘 되는 직업은 사주에 다 정해져 있습니다ㅣ만세력으로 직업 보는 법(왕초보용)
[21:45:53] [163/259] 8cIfHjtcOGQ OK (13114 chars) :: 파묘리뷰ㅣ물에 젖은 나무와 쇠의 뜻, 소름돋는 뱀 요괴의 진짜 의미
[21:45:56] [164/259] 7hCA91KPO-Q OK (5078 chars) :: 교회다니던 내가 사주에 과몰입하게 된 썰 ㅣ 사주 믿어야하나?
[21:45:59] [165/259] k5uT3mVn9sM OK (6527 chars) :: ???: 너 지금 연애할 때야...?💔 l 8년 찐친 24년 신년운세 봐주기
[21:46:03] [166/259] JlHMZ7W_5P0 OK (7779 chars) :: 3년 만의 첫 큐엔에이ㅣ처음 공개하는 답변 22가지(연애, 여자친구, 전공, 갑진년 활용 
[21:46:06] [167/259] 9QxeOe9YePA OK (9331 chars) :: 24년 드디어 연애 한다고요..?❤ㅣ24년 갑진년 신년운세 풀이(with 스우파 2 마네퀸
[21:46:10] [168/259] J_hAAoWgl6g OK (5265 chars) :: 매년마다 잘 써먹는 내 사주로 신년운세 보는법(점사비 아껴드림😊)
[21:46:14] [169/259] Cze75yL7KrM OK (6078 chars) :: [사주] 월간 운세에 맞게 내가 실제로 했던 일들ㅣ(월간운세 실전 활용법 😀)
[21:46:17] [170/259] 0bt7Tthh0Uo OK (7581 chars) :: 스우파 마네퀸 사주 봐주는 브이로그ㅣ방영 전에 풀어본 왁씨와 벅키 사주(내년에 더 잘 되는
[21:46:20] [171/259] rlEndeiZC1A OK (11656 chars) :: 금 없는 사주만의 특징과 사람마다 다른 개운법 총정리 ㅣ 금 목걸이보다 더 추천하는 방법✨
[21:46:25] [172/259] vaVeraLH2cA OK (6814 chars) :: [사주 브이로그] 구독자 만나면 사주 봐준 썰 + 도화지 비하인드
[21:46:28] [173/259] LxWOHkb83rg OK (12098 chars) :: 물을 가까이 하면 된다? 수 없는 사주에게 필요한 개운법🙂ㅣ사주에 물이 없으면 24년~27
[21:46:31] [174/259] RDnI8YmqxiA OK (3377 chars) :: [사주 VLOG] 누나 이때 결혼한다고 얘기했잖아 내가
[21:46:35] [175/259] 5MGLF0bf5uY OK (12882 chars) :: 내 사주에 토와 흙이 없을 때ㅣ장점과 개운법 및 활용방법(특히 재물운과 관련 있습니다.)
[21:46:38] [176/259] usJ2dOCC_xQ OK (12135 chars) :: 사주에 화가 없다면 내년부터 확 달라집니다ㅣ불 없는 사주의 개운법과 특징 총정리🔥l사주 오
[21:46:41] [177/259] lqAYv-8RxgI OK (12275 chars) :: 목 없는 사주만의 특별한 개운법! 사주에 목이 없으면 이렇게 성공하세요ㅣ사주로 보는 내 성
[21:46:45] [178/259] iB3rIQ1s5cg OK (9487 chars) :: 특정 오행이 없는 사주는 오히려 좋다? 특징 있는 인생의 흐름ㅣ사주에 색깔이 5개가 아닌 
[21:46:49] [179/259] NcVrXCQfueE OK (11220 chars) :: 공망이 사주에 있어서 안좋은 사주라고..?🤔ㅣ공망 위치별 특징과 공망운 대처법
[21:46:52] [180/259] 1bDCxXsxDS8 OK (2597 chars) :: [사주 VLOG] 도르님 평소에도 사주에 미쳐 살아요? 네...ㅣ사주 브이로그 1화
[21:46:55] [181/259] Soy2YhFrFgM OK (9537 chars) :: [사주] 속궁합은 어떻게 봐요?ㅣ사주로 보는 궁합편(혼자 몰래 보세요...🙏)
[21:46:59] [182/259] buyszXEwVao OK (7382 chars) :: 유아인 사주풀이ㅣ예민한 사람, 신약한 사주가 계속 잘 되려면
[21:47:02] [183/259] 4-TZbMZVpdQ OK (16471 chars) :: 내 사주에 해당하는 동물?ㅣ일지로 보는 내 사주 해석방법
[21:47:05] [184/259] kjXJrjFgzyc OK (6205 chars) :: [사주] 지금부터 4년간 운이 좋게 바뀐다고?ㅣ내 사주에 맞는 대박전략 3가지(일간별 미리
[21:47:09] [185/259] ePGHKb38KuU OK (5627 chars) :: 사주 믿는 사람들이 시간이 갈수록 성공하는 4가지 이유(사주팔자 믿어야 하나?)
[21:47:12] [186/259] cU-NNTocv_o OK (6973 chars) :: [사주] 궁합 보는법ㅣ쉬운데 정확한 결국 내게 도움이 되는 사람인지 보는법(친구, 연애, 
[21:47:16] [187/259] f_Z4ZgsOdLc OK (7715 chars) :: 돌려차기범 사주 속 놀라운 비밀ㅣ사주가 진짜 무섭긴 하네요...
[21:47:21] [188/259] S--sJwiLI6M OK (7489 chars) :: 사주별 외모, 분위기 특징 총정리 ㅣ 나랑 찰떡인 매력과 스타일은 따로 있습니다(셀프브랜딩
[21:47:25] [189/259] i3ihBIaLWPQ OK (7045 chars) :: 카리나 사주풀이 보고 SM이 고소한다고 한 이유ㅣ카리나 사주 논란, 사실일까?
[21:47:28] [190/259] oBzfusEOdMY OK (8845 chars) :: 내 사주로 자식운 보는법, 여성분들은 꼭 보세요
[21:47:31] [191/259] RNaXmpHKnaI OK (10163 chars) :: 랄랄 에디실바 사주 리뷰ㅣ요즘 더 떡상한 두 사람 사주는 어떨까?
[21:47:35] [192/259] sinPPkIhi9o OK (8177 chars) :: 임창정 사주풀이ㅣ특정 오행이 많거나 치우친 사주가 계속 잘 되려면
[21:47:38] [193/259] bezweordZYA OK (10436 chars) :: [사주] 내가 나쁜 사주? 사흉신에 속지 마세요
[21:47:41] [194/259] zV5r61fI7zE OK (14525 chars) :: [사주] 역마살이 과거보다 더 좋은 이유와 활용법ㅣ사주에 寅 申 巳 亥 중 하나라도 있을 
[21:47:45] [195/259] OyWMkMM1Rxw OK (8783 chars) :: 내 MBTI 유형을 안다면 사주는 더 쉽게 볼 수 있어요 ㅣ mbti 덕후를 위한 내 사주
[21:47:48] [196/259] Eh3NO6tF9zk OK (12405 chars) :: 내가 미래에 부자 될 사주라는 걸 알면 그대로 이루어집니다.
[21:47:51] [197/259] e8FNV7JAcao OK (12983 chars) :: 결혼운 배우자운 내 사주로 보기❤ㅣ 사주에 있으면 좋은 신살 금여 & 4가지 귀인(학당 문
[21:47:55] [198/259] BoP0bxW3XAo OK (14199 chars) :: [사주] 왕초보도 쉽게 내 사주 보는 법 1탄ㅣ일간으로 보는 내 장점 & 타고난 복
[21:47:58] [199/259] 05zw4geLxUE OK (11402 chars) :: [사주] 나를 평생 도와주는 귀인이 있는 사람들의 특징ㅣ천을귀인 사주가 좋은 이유 4가지
[21:48:02] [200/259] 7UPOzS4oJms OK (11236 chars) :: [사주] MBTI보다 정확한 썸남썸녀의 연애 스타일 & 유형별 공략법❤️+)연애 시 발현되
[21:48:05] [201/259] 5FicObGJHlY OK (10552 chars) :: [사주] 내가 결국 만나게 될 이성은 어떤 사람? ㅣ셀프 연애운 테스트 1탄(배우자 모습)
[21:48:08] [202/259] iGUblr7Ts38 OK (11545 chars) :: [사주] 내가 가진 도화살 종류별 매력 포인트, 장점+ 내 도화살이 발휘되는 년도(+떡상년
[21:48:12] [203/259] JchNg3hnHtw OK (12245 chars) :: 화개살 사주 잘 맞는 직업과 글자별 매력, 잘 되는 시기(꿀팁주의😜)
[21:48:15] [204/259] TSyBimyglxQ OK (8304 chars) :: 도화살보다 더 눈에 띄는 홍염살 사주 테스트 및 활용법(홍염살 들어오는 년도)
[21:48:18] [205/259] 0fSdulW3K-4 OK (5982 chars) :: 사주에 토 금 수가 있다면 이 직업이 정답입니다!ㅣ지금보다 연봉 확 높아지는 직업과 사업 
[21:48:21] [206/259] L1FB3EWqkrw OK (4439 chars) :: 사주에 목이나 화가 있으면 대박나는 직업ㅣ사주로 보는 유리한 분야 찾는 법
[21:48:25] [207/259] XPDOcsTvFAQ OK (58697 chars) :: 사주 왕초보를 위한 십신 십성 총정리ㅣ비견겁재, 식신상관, 편재정재, 편관정관, 편인정인 
[21:48:28] [208/259] xOcikQJ6j_U OK (9665 chars) :: [사주] 무조건 내게 오는 5가지 대운의 종류와 활용법 (내운내편 EP02✨)
[21:48:32] [209/259] p1pEx1tkdQE OK (9434 chars) :: [사주] 만세력으로 '내게 들어온 운' 제대로 보는 법ㅣ 내운내편 EP01✨
[21:48:36] [210/259] gDDyZkXcfpI OK (22466 chars) :: 내 사주에 특정 오행이 많을 때 대박나는 법✨사주에 같은 색이 최소 2~3개 이상일 때
[21:48:39] [211/259] oE_5Lruwe30 OK (15011 chars) :: 내 사주 보는 법 ㅣ편인 정인이 사주에 있을 때 대박나는 법💡
[21:48:42] [212/259] Q7TbralZp5w OK (14160 chars) :: 사주에 편관 정관이 있을 때 좋은 점과 활용법ㅣ편관운 올 때 내가 겪은 소름 썰😨
[21:48:46] [213/259] Akl_furFk7k OK (14276 chars) :: 사주 보는 법 ㅣ 편재 정재가 사주에 1개라도 있으면 생기는 좋은 일
[21:48:49] [214/259] tIjb3ZaKh7c OK (12403 chars) :: 사주팔자 보는 법 ㅣ식신 상관이 사주에 1개라도 있을 때
[21:48:52] [215/259] S8WRMGzni0k OK (10964 chars) :: 사주팔자 보는 법 ㅣ비견 겁재가 사주에 1개라도 있다면..
[21:49:06] [216/259] RqgNsROCqaQ OK (8358 chars) :: [사주] 푸틴은 정말로 핵을 쏠까? ㅣ소름 돋는 푸틴 사주의 비밀
[21:49:09] [217/259] iutB4e0Aq5g OK (10988 chars) :: 역대 대통령 사주와 많이 다른 신기한 윤석열 사주ㅣ윤 대통령 사주 해석과 정권 흐름 예측(
[21:49:12] [218/259] JiuGGi_w3lY OK (8270 chars) :: [사주] 지금 힘들어도 결국 대박나는 인생 역전 신살 3가지ㅣ지살 장성살 반안살의 활용법
[21:49:16] [219/259] uzZjlpOzAX4 OK (5859 chars) :: 내 사주팔자 보는 법은 이 방법이 가장 쉽고 정확합니다ㅣ쉽게 따라해보기
[21:49:19] [220/259] HMtJnqSDG-U OK (6758 chars) :: 사주팔자에 토(土)가 있으면 이걸로 성공하세요ㅣ사주로 보는 대박 시나리오
[21:49:32] [221/259] C4nxRtqsPIY OK (7582 chars) :: 사주에 금 또는  수가 있으면 이걸로 대박나세요ㅣ사주로 보는 내 성공 시나리오
[21:49:36] [222/259] pNOqeQE-8VY OK (7855 chars) :: 사주에 나무나 불이 있으면 이걸로 대박날 수 있습니다 ㅣ사주로 보는 내 성공 시나리오
[21:49:39] [223/259] gquIOverZW8 OK (6293 chars) :: [사주팔자] 좋은 이름 짓는 법? 너무 세서 운 다 뺏기는 불용 이름 4가지 ㅣ셀프 이름 
[21:49:43] [224/259] m7cf9FYk0Jw OK (4416 chars) :: 큰 돈 들어오는 꿈? 3개월 내에 큰 돈을 벌게 되는 재물몽 총정리ㅣ그냥 넘기면 날라가는 
[21:49:46] [225/259] WFKgoJef0uM OK (7193 chars) :: [사주팔자] 결국 엄청난 부자로 신분상승하는 사람들의 특징과 징조ㅣ소수 1% 부자만 갖고 
[21:49:49] [226/259] ZGctMY87eiE OK (4966 chars) :: [사주] 살면서 단 한번 오는 인생역전 대운 오래 유지하는 방법ㅣ내 얼굴 변화 관상으로 보
[21:49:52] [227/259] C8ckZsMLB30 OK (4067 chars) :: [사주팔자] 용한 무당들은 무조건 하는 금전운 재물운 좋아지는 강력한 방법ㅣ재물운 올리는 
[21:50:05] [228/259] h2-mlG5Xaog OK (4101 chars) :: 사주팔자] 하늘이 내려준 대박 재물운 5초 만에 확인하는 법(Ft. 20대 초반부터 사업,
[21:50:08] [229/259] gVMbkzm7zT8 OK (7626 chars) :: [사주팔자]내 도화살은 주변 사람들에게 '이렇게' 어필됩니다(도화살 종류별 매력 특징 총정
[21:50:11] [230/259] Oa3mln8GqZg OK (7672 chars) :: (사주 브이로그)20대 중반인 내가 내 사주를 활용하는 방법
[21:50:15] [231/259] oVuus4OINy0 OK (8191 chars) :: 사주팔자로 말년운 보기👍 다시 태어나고 싶을 정도로 부러운 오후에 태어난 사람들의 쩌는 말
[21:50:18] [232/259] JVa2RcrSI3Y OK (7610 chars) :: 사주팔자로 보는 말년운👍오전에 태어나면 말년운이 최고다?ㅣ오전에 태어난 사람들의 미리 보는
[21:50:21] [233/259] s6yCJlfsC2s NO_KO_CAPTION :: 말년운은 미리 알고 있어야 대박납니다 💸내 관상 + 사주로 보는 말년운 예상 시나리오
[21:50:31] [234/259] 6mbUhGY5MQ0 OK (5520 chars) :: 진짜 도화살은 가짜 도화살과 '이런 점이' 다릅니다ㅣ내 사주에서 진짜 도화살 찾는 법과 2
[21:50:35] [235/259] asp0sPTPl2Q OK (8207 chars) :: 내 사주에 돈과 관련된 귀인이 있다?ㅣ하늘이 책임지고 도와주는 사주 특징과 나타나는 현상 
[21:50:38] [236/259] sGZhl-HQTKA OK (6756 chars) :: 소름 돋는 역마살 테스트😀사주팔자에 역마살 있는 사람들의 대박나는 공식(인생이 바뀜)
[21:50:41] [237/259] JPOHjEOSsto FAIL (no metadata) :: ERROR: [youtube] JPOHjEOSsto: This video is available to this channel's members on level: 홍염🌺 : 멤버십 전용 프리미엄 사주 콘텐츠 (or any higher level). Join this channel to get access to members-only content and other exclusive perks.
[21:50:44] [238/259] sIdlhPO2Ado OK (7238 chars) :: 무속인도 사주 볼 때 긴장하는백호대살ㅣ가장 위험한데 순식간에 큰 부자되는 사주 특징(Ft.
[21:50:48] [239/259] 8k_WR69ZeQM OK (6785 chars) :: 인생 위기일 때 반드시 성공하는 반전 끝판왕 사주👍내 사주 속 망신살 현상 징조 및 활용법
[21:50:58] [240/259] jxoxkl1WZHM OK (7092 chars) :: 하늘이 작정하고 돕는 사주 특징과 나타나는 현상 및 징조👍ㅣ내 사주 속 귀인 종류와 유형별
[21:51:02] [241/259] d79uykAeN8E OK (9341 chars) :: 내 홍염살 치명적으로 활용하는 법🔥ㅣ홍염살 사주 특징과 홍염살 관상의 모든 것ㅣ홍염살 조심
[21:51:05] [242/259] 1J8V1iabvQY OK (4871 chars) :: 평생 가는 나의 인연 알아보는 법😘 ㅣ첫만남에 이런 느낌 들면 무조건 잡자!!(Ft.간단 
[21:51:18] [243/259] nBYU5N6MIVM OK (5648 chars) :: 내 화개살 치명적으로 쓰는 비법ㅣ도화살&홍염살과 차이점ㅣ화개살 사주 특징 + 성공 방법 총
[21:51:22] [244/259] wrS7B_Za56Y OK (2785 chars) :: MBTI 유형보다 더 정확한 내 사주팔자 동물 유형 테스트ㅣ미래운까지 볼 수 있는 내 사주
[21:51:25] [245/259] gB29SELVya0 OK (4502 chars) :: 지금 내겐 어떤 운이  왔을까? ㅣ사주 팔자로 보는 나의 현재운, 미래운 보는 방법 🍀(F
[21:51:28] [246/259] 1CcVIkrBd4w OK (4655 chars) :: 초보자도 쉽고 간편하게 내 사주 보는 법ㅣ한자 몰라도 가능한 셀프 사주 풀이(Ft.평생 써
[21:51:32] [247/259] kHaL2Y5qbUY FAIL (no metadata) :: ERROR: [youtube] kHaL2Y5qbUY: This video is available to this channel's members on level: 홍염🌺 : 멤버십 전용 프리미엄 사주 콘텐츠 (or any higher level). Join this channel to get access to members-only content and other exclusive perks.
[21:51:35] [248/259] 6UZ1yJCucA0 OK (5293 chars) :: 내 도화살 치명적으로 쓰는 비법ㅣ내 사주에 있는 도화살 종류 파악 및 유형별 200% 활용
[21:51:38] [249/259] XdnSJZJZTKk FAIL (no metadata) :: ERROR: [youtube] XdnSJZJZTKk: This video is available to this channel's members on level: 홍염🌺 : 멤버십 전용 프리미엄 사주 콘텐츠 (or any higher level). Join this channel to get access to members-only content and other exclusive perks.
[21:51:41] [250/259] o2W75GXrrrg FAIL (no metadata) :: ERROR: [youtube] o2W75GXrrrg: This video is available to this channel's members on level: 홍염🌺 : 멤버십 전용 프리미엄 사주 콘텐츠 (or any higher level). Join this channel to get access to members-only content and other exclusive perks.
[21:51:43] [251/259] KsHHrRY1d_c FAIL (no metadata) :: ERROR: [youtube] KsHHrRY1d_c: This video is available to this channel's members on level: 홍염🌺 : 멤버십 전용 프리미엄 사주 콘텐츠 (or any higher level). Join this channel to get access to members-only content and other exclusive perks.
[21:51:46] [252/259] -MoVbcCyqtM FAIL (no metadata) :: ERROR: [youtube] -MoVbcCyqtM: This video is available to this channel's members on level: 홍염🌺 : 멤버십 전용 프리미엄 사주 콘텐츠 (or any higher level). Join this channel to get access to members-only content and other exclusive perks.
[21:51:50] [253/259] A7MwVr95OvA OK (3291 chars) :: 나는 기센 사람일까? 내가 타고난 기 테스트 방법 & 기 센 사람 특징 총정리
[21:51:53] [254/259] RKi4mnDU62Y FAIL (no metadata) :: ERROR: [youtube] RKi4mnDU62Y: This video is available to this channel's members on level: 홍염🌺 : 멤버십 전용 프리미엄 사주 콘텐츠 (or any higher level). Join this channel to get access to members-only content and other exclusive perks.
[21:51:55] [255/259] EcKOCkQqNx8 FAIL (no metadata) :: ERROR: [youtube] EcKOCkQqNx8: This video is available to this channel's members on level: 홍염🌺 : 멤버십 전용 프리미엄 사주 콘텐츠 (or any higher level). Join this channel to get access to members-only content and other exclusive perks.
[21:51:58] [256/259] Y7O3vFkKBIE FAIL (no metadata) :: ERROR: [youtube] Y7O3vFkKBIE: This video is available to this channel's members on level: 홍염🌺 : 멤버십 전용 프리미엄 사주 콘텐츠 (or any higher level). Join this channel to get access to members-only content and other exclusive perks.
[21:52:01] [257/259] -hvURIjTr8Y FAIL (no metadata) :: ERROR: [youtube] -hvURIjTr8Y: This video is available to this channel's members on level: 홍염🌺 : 멤버십 전용 프리미엄 사주 콘텐츠 (or any higher level). Join this channel to get access to members-only content and other exclusive perks.
[21:52:04] [258/259] 8X98TRWmBTo FAIL (no metadata) :: ERROR: [youtube] 8X98TRWmBTo: This video is available to this channel's members on level: 홍염🌺 : 멤버십 전용 프리미엄 사주 콘텐츠 (or any higher level). Join this channel to get access to members-only content and other exclusive perks.
[21:52:10] [259/259] NaAwl5Tx1s0 OK (2380 chars) :: 사주 보러가서 꼭 물어봐야하는 필수 질문 3가지 추천 ㅣ 신년사주 보러갈 때 팁
[21:52:11] ==== DONE: {'skip': 2, 'fail': 71, 'ok': 180, 'no_caption': 6} ====
[21:52:59] ==== START: 259 videos | outdir=C:\Users\[가림-계정]\Desktop\dohwadore_saju_자막 | cookies=yes ====
[21:52:59] [1/259] sdGUxQ-eiI4 SKIP (exists)
[21:53:04] [2/259] 6mM3TmvcLKU OK (25354 chars) :: [홍염🌺7월운세] 을미월 12가지 일지, 월지, 사주 전체 구성으로 보는 프리미엄 운세(+
[21:53:05] [3/259] zFgTCU1HF1w SKIP (exists)
[21:53:10] [4/259] FBGU4nJieME OK (11974 chars) :: [홍염🌺] 7월 을미월 프리미엄 월간운세 다시보기ㅣ일지, 월지, 사주 전체 구성 기준 프리
[21:53:15] [5/259] HbfDN7ixAz4 OK (42628 chars) :: [홍염🌺] 7월 을미월 프리미엄 월간운세 다시보기ㅣ일지, 월지, 사주 전체 구성 기준 프리
[21:53:16] [6/259] Q69NMW8ceEc SKIP (exists)
[21:53:17] [7/259] AZDrjQ1WBUc SKIP (exists)
[21:53:22] [8/259] roTt1E0P4hI OK (28485 chars) :: [홍염🌺6월운세] 갑오월 12가지 일지, 월지, 사주 전체 구성으로 보는 프리미엄 운세(+
[21:53:23] [9/259] Aks01uMljX4 SKIP (exists)
[21:53:28] [10/259] Rc24FhNWO48 OK (70481 chars) :: [홍염🌺] 6월 갑오월 프리미엄 월간운세 다시보기ㅣ일지, 월지, 사주 전체 구성 기준 프리
[21:53:29] [11/259] mEpzUdYQEaQ SKIP (exists)
[21:53:30] [12/259] JMCgXyFr2hg SKIP (exists)
[21:53:36] [13/259] 5N8Nmdzbmv0 OK (41914 chars) :: [홍염🌺5월운세] 계사월 12가지 일지, 월지, 사주 전체 구성으로 보는 프리미엄 운세(+
[21:53:37] [14/259] ADK7WqK4d1Y SKIP (exists)
[21:53:42] [15/259] c98HU0FG0tE OK (41317 chars) :: [홍염🌺] 2026년 연애운 영상 - 일지, 월지로 보는 연애, 이성, 결혼운의 모든 것ㅣ
[21:53:48] [16/259] Gw-Tg9wFYVM OK (69619 chars) :: [홍염🌺] 5월 계사월 프리미엄 월간운세 다시보기ㅣ일지, 월지, 사주 전체 구성 기준 프리
[21:53:53] [17/259] z2qCI8DZa28 NO_KO_CAPTION :: [사주] 5월운세ㅣ26년 운기가 가장 강한 5월, 내 사주에 생길 좋은 일과 조심할 일(일
[21:53:54] [18/259] g_pf1FHQGVs SKIP (exists)
[21:54:00] [19/259] DZdQGfyC_zU OK (64586 chars) :: [홍염🌺] 내 사주로 보는 26년 연애운, 이별운, 이성운, 결혼운의 모든 것(심화 콘텐츠
[21:54:01] [20/259] a3qufG3oEug SKIP (exists)
[21:54:02] [21/259] 1mRtMD6TXQg SKIP (exists)
[21:54:07] [22/259] qbpNraAZKEc OK (33922 chars) :: [홍염🌺4월운세] 임진월 12가지 일지, 월지, 사주 전체 구성으로 보는 프리미엄 운세(+
[21:54:08] [23/259] U2lkItDJ4kE SKIP (exists)
[21:54:23] [24/259] ZzqNiTgG4Y4 OK (26683 chars) :: [홍염🌺] 2026년 진로운 영상 - 60갑자 일주별로 정리한 취업, 이직, 시험합격운의 
[21:54:34] [25/259] dbfELJSWNlc OK (42937 chars) :: [홍염🌺] 4월 임진월 프리미엄 월간운세 다시보기ㅣ일지, 월지, 사주 전체 구성 기준 프리
[21:54:35] [26/259] TvZdJ1J3Bpw SKIP (exists)
[21:54:36] [27/259] HFNZmoinSmQ SKIP (exists)
[21:54:41] [28/259] IGC-4vVuuyI OK (40812 chars) :: [홍염🌺] 60갑자 모든 일주별로 정리한 26년 시험합격운 + 2026년 취업, 이직 총운
[21:54:42] [29/259] 79K-rIkJSNU SKIP (exists)
[21:54:47] [30/259] aMBNZHV8jjA OK (33699 chars) :: [홍염🌺3월운세] 신묘월 12가지 일지, 월지, 사주 전체 구성으로 보는 프리미엄 운세(+
[21:54:48] [31/259] kpErnlo838s SKIP (exists)
[21:54:53] [32/259] dNcDVsE5wo8 OK (48813 chars) :: [홍염🌺] 3월 신묘월 프리미엄 월간운세 다시보기ㅣ일지, 월지, 사주 전체 구성 기준 프리
[21:54:54] [33/259] 6ljooVVZpps SKIP (exists)
[21:55:00] [34/259] C5YRgrSpWdk OK (39243 chars) :: [홍염 프리미엄🌺] 26년 병오년 재물운 1시간 편집 버전ㅣ내 사주에 맞는 26년 자산형성
[21:55:05] [35/259] Z1gRGHWBSvM OK (59290 chars) :: [홍염🌺] 26년 병오년 재물운 3탄ㅣ일지, 월지로 보는 26년 재물운의 모든 것 및 재물
[21:55:06] [36/259] obnysj4TEv8 SKIP (exists)
[21:55:11] [37/259] LZpAPT7emI4 OK (34014 chars) :: [홍염🌺2월운세] 경인월 12가지 일지, 월지, 사주 전체 구성으로 보는 프리미엄 운세(+
[21:55:12] [38/259] 9w_nPKVm8Bk SKIP (exists)
[21:55:13] [39/259] C1_8B9XOAeg SKIP (exists)
[21:55:18] [40/259] -IP7ZcPMs-4 OK (58201 chars) :: [홍염🌺] 2월 경인월 프리미엄 월간운세 다시보기ㅣ일지, 월지, 사주 전체 구성 기준 프리
[21:55:19] [41/259] OMtnPc_jaGo SKIP (exists)
[21:55:20] [42/259] MKn_My9P2_s SKIP (exists)
[21:55:21] [43/259] rUN3J7L2Nno SKIP (exists)
[21:55:22] [44/259] GY_jTMvvxL0 SKIP (exists)
[21:55:28] [45/259] QTxoKBfXK98 OK (28268 chars) :: [홍염🌺1월운세] 기축월 12가지 일지, 월지, 사주 전체 구성으로 보는 프리미엄 운세(+
[21:55:29] [46/259] Hdn_wEMauGQ SKIP (exists)
[21:55:34] [47/259] fFRX_urIuk4 OK (59752 chars) :: [홍염🌺] 1월 기축월 프리미엄 월간운세 다시보기ㅣ일지, 월지, 사주 전체 구성 기준 프리
[21:55:35] [48/259] UjuZNix2BAw SKIP (exists)
[21:55:36] [49/259] vEosWRH759M SKIP (exists)
[21:55:37] [50/259] XRguIFZZ2dc SKIP (exists)
[21:55:38] [51/259] UqPE99sviz0 SKIP (exists)
[21:55:44] [52/259] R7JTmAMlX0A OK (25445 chars) :: [홍염🌺12월운세] 무자월 12가지 일지, 월지, 사주 전체 구성으로 보는 프리미엄 운세(
[21:55:49] [53/259] kJVJRjtB7zU OK (61834 chars) :: [홍염🌺]12월 무자월 프리미엄 월간운세 다시보기ㅣ일지, 월지, 사주 전체 구성 기준 프리
[21:55:50] [54/259] fblqpRXNgUk SKIP (exists)
[21:55:51] [55/259] wWFGPqEbinc SKIP (exists)
[21:55:52] [56/259] 5nHIVlZcpdA SKIP (exists)
[21:55:57] [57/259] 7dGAuqChAEE OK (36015 chars) :: [홍염🌺11월운세] 정해월 12가지 일지, 월지, 사주 전체 구성으로 보는 프리미엄 운세(
[21:55:58] [58/259] YgQqVcGpua0 SKIP (exists)
[21:56:04] [59/259] kfIK2Smo-7E OK (55115 chars) :: [홍염🌺]11월 정해월 프리미엄 월간운세 다시보기ㅣ일지, 월지, 사주 전체 구성 기준 프리
[21:56:05] [60/259] aEoXEt1Dc0I SKIP (exists)
[21:56:06] [61/259] G5GFdpXb9o0 SKIP (exists)
[21:56:11] [62/259] QEWqBvU7AOE OK (27840 chars) :: [홍염🌺] 26년 1월까지 적용되는 하반기운세ㅣ사주별 을사년 하반기 잡을 수 있는 좋은 운
[21:56:12] [63/259] uGR5D3bQO7E SKIP (exists)
[21:56:13] [64/259] aOfDGWCotRE SKIP (exists)
[21:56:18] [65/259] PfaqHjHHyu8 OK (29052 chars) :: [홍염🌺10월운세] 12가지 일지, 월지, 사주 전체 구성으로 보는 프리미엄 운세(+✨ 미
[21:56:19] [66/259] eGtd1FGiMoc SKIP (exists)
[21:56:20] [67/259] vaNzYu9NJ04 SKIP (exists)
[21:56:25] [68/259] Td4bara53Kg OK (48999 chars) :: [홍염🌺]10월 병술월 프리미엄 월간운세 다시보기ㅣ일지, 월지, 사주 전체 구성 기준 프리
[21:56:26] [69/259] PVaGLhG3cR4 SKIP (exists)
[21:56:27] [70/259] Gzjx7_a4WYQ SKIP (exists)
[21:56:33] [71/259] 9vqMm6fYuF0 OK (54723 chars) :: [홍염🌺] 25년 을사년 하반기 운세 프리미엄 라이브 다시보기ㅣ일간별 강한 오행 사주별로 
[21:56:34] [72/259] NjG_bF5_LYM SKIP (exists)
[21:56:35] [73/259] 1TmqnQ9apnE SKIP (exists)
[21:56:36] [74/259] ZF2bRuWyCXU SKIP (exists)
[21:56:41] [75/259] l8_LyBHzbj8 OK (30538 chars) :: [홍염🌺9월운세] 12가지 일지, 월지, 사주 전체 구성으로 보는 프리미엄 운세(+✨ 미리
[21:56:56] [76/259] 9Mx_xu5FQD4 OK (52069 chars) :: [홍염🌺] 9월 을유월 프리미엄 월간운세 다시보기ㅣ일지, 월지, 사주 전체 구성 기준 프리
[21:56:57] [77/259] bzMmtU1xFBk SKIP (exists)
[21:56:58] [78/259] tfXuzm2z5wY SKIP (exists)
[21:57:03] [79/259] iurEBAFZeEk OK (23626 chars) :: [홍염🌺8월운세] 12가지 일지, 월지, 사주 전체 구성으로 보는 프리미엄 운세(+✨ 미리
[21:57:04] [80/259] J6yMBhXevK8 SKIP (exists)
[21:57:10] [81/259] WFJotOsenow OK (43269 chars) :: [홍염🌺] 8월 프리미엄 월간운세 다시보기ㅣ갑신월 일지, 월지, 사주 전체 구성 기준 프리
[21:57:14] [82/259] 9w8tu8NuVV4 NO_KO_CAPTION :: [멤버십 독점 선공개] Gilsangdo(길상도) 'First Collection : 길향
[21:57:15] [83/259] M6S9EVF4SsQ SKIP (exists)
[21:57:16] [84/259] VSuNGpYP_RM SKIP (exists)
[21:57:17] [85/259] Wx9mdJL0uq4 SKIP (exists)
[21:57:23] [86/259] yXFPiEuB690 OK (29526 chars) :: [홍염🌺7월운세] 12가지 일지, 월지, 사주 전체 구성으로 보는 프리미엄 운세(O미일주 
[21:57:24] [87/259] LTnuvjiwvLY SKIP (exists)
[21:57:29] [88/259] 9uhQjPOmyf4 OK (51577 chars) :: [홍염🌺] 7월 프리미엄 월간운세 다시보기ㅣ계미월 일지, 월지, 사주 전체 구성 기준 프리
[21:57:35] [89/259] qYrm7X2z0qw OK (17940 chars) :: [홍염🌺] 25년 상반기 운세ㅣ사주별로 을사년 상반기에 지켜야 하는 것들과 중요한 흐름(일
[21:57:36] [90/259] nNuYJ3WYNIU SKIP (exists)
[21:57:37] [91/259] 97xRBoAAij0 SKIP (exists)
[21:57:42] [92/259] frVL-5oNCGc OK (24571 chars) :: [홍염🌺6월운세] 12가지 일지, 월지, 사주 전체 구성으로 보는 프리미엄 운세(O오일주 
[21:57:43] [93/259] Uc2kImcX2jY SKIP (exists)
[21:57:48] [94/259] CG3m8BaNXeI OK (38445 chars) :: [홍염🌺] 6월 프리미엄 월간운세 다시보기ㅣ임오월 일지, 월지, 사주 전체 구성 기준 프리
[21:57:53] [95/259] fECJuVel0lc OK (32145 chars) :: [홍염🌺] 25년 을사년 상반기 스페셜 라이브ㅣ일간, 일지별 25년 상반기 자세한 운세 풀
[21:57:54] [96/259] DgDFDJ07k1E SKIP (exists)
[21:57:55] [97/259] rXNlPbwUt3Q SKIP (exists)
[21:57:56] [98/259] UGiCEV6yYug SKIP (exists)
[21:58:01] [99/259] grWcYjAwvnY OK (25030 chars) :: [홍염🌺5월운세] 12가지 일지, 월지, 사주 전체 구성으로 보는 프리미엄 운세(O사일주 
[21:58:02] [100/259] FWbDk9WIWe0 SKIP (exists)
[21:58:07] [101/259] yt8Zj9q8a8E OK (37907 chars) :: [홍염🌺] 5월 프리미엄 월간운세 다시보기ㅣ신사월 일지, 월지, 사주 전체 구성 기준 프리
[21:58:08] [102/259] QjG2lqieYGo SKIP (exists)
[21:58:09] [103/259] HAozfFV3QlA SKIP (exists)
[21:58:10] [104/259] cQmdxGPWaaA SKIP (exists)
[21:58:17] [105/259] 9aFkGK2_ORE NO_KO_CAPTION :: [사주] 저 결혼 몇살에 해요? 💐+ 내 사주에 적힌 배우자 모습 미리보기👰🏻‍♀️🤵🏻‍♂
[21:58:23] [106/259] G0Mf_p2CWZM OK (31143 chars) :: [홍염🌺4월운세] 12가지 일지, 월지, 사주 전체 구성으로 보는 프리미엄 운세(O진일주 
[21:58:28] [107/259] hsn6oMyqrrQ OK (48005 chars) :: [홍염🌺] 4월 프리미엄 월간운세 다시보기ㅣ경진월 일지, 월지, 사주 전체 구성 기준 프리
[21:58:33] [108/259] hCptUnMv66I OK (24581 chars) :: [홍염🌺] 내 사주로 보는 진로, 직업운 보는법 + 25~27년 일간별 화 기운 활용한 진
[21:58:39] [109/259] tzSSjUk3jOI OK (36426 chars) :: [홍염🌺] 내 사주로 보는 진로, 직업운 보는법 + 25~27년 일간별 화 기운 활용한 진
[21:58:40] [110/259] gaXiufjSY6U SKIP (exists)
[21:58:45] [111/259] BRGYp83Yd8A OK (21322 chars) :: [홍염🌺3월운세] 12가지 일지, 월지, 사주 전체 구성으로 보는 프리미엄 운세(O묘일주 
[21:58:46] [112/259] bWc7HnTe4mU SKIP (exists)
[21:58:51] [113/259] pa3Njp0hwJg OK (16239 chars) :: [홍염🌺] 25년 연애운, 실전 썸+연애, 결혼생활에서 써먹는 디테일한 궁합 리딩법💭
[21:58:52] [114/259] v-xZDRAU5iY SKIP (exists)
[21:58:57] [115/259] 7FpuvBNohVs OK (30729 chars) :: [홍염🌺] 3월 프리미엄 월간운세 다시보기ㅣ기묘월 일지, 월지, 사주 전체 구성 기준 프리
[21:58:58] [116/259] HarGYzqNrwo SKIP (exists)
[21:59:03] [117/259] vreAWInbG5c OK (36648 chars) :: [홍염🌺] 25년 을사년 재물운 1시간 편집 버전ㅣ12가지 일지, 월지로 보는 25년 재물
[21:59:08] [118/259] b5GLhEoAi7c OK (32171 chars) :: [홍염🌺] 25년 을사년 연애, 이성, 결혼운 리딩 풀영상 다시보기(연애, 썸, 결혼에 가
[21:59:15] [119/259] sMcTVFMJEf4 NO_KO_CAPTION :: [사주] 2025년 연애운, 이성운은 사주에 이런 글자가 있으면 좋습니다🌸ㅣ일간, 일지로 
[21:59:21] [120/259] 3HWJxajOJ_U OK (31737 chars) :: [홍염🌺2월운세] 12가지 일지, 월지, 사주 전체 구성으로 보는 프리미엄 운세(축토, 인
[21:59:26] [121/259] aH0_MwjJ1ZA OK (25259 chars) :: [다시보기🍀]25년 2월 홍염 멤버십 라이브 전 다시보기🙊
[21:59:27] [122/259] fnxjOcI9_4c SKIP (exists)
[21:59:32] [123/259] tlwtiISMgU4 OK (57576 chars) :: [홍염🌺] 2월 무인월 일지, 월지, 사주 전체 구성 기준 프리미엄 운세(고정댓글에 운세 
[21:59:37] [124/259] IeTS6NXAUPQ OK (39197 chars) :: [홍염🌺] 25년  을사년 신년운세 총운 1시간 편집 버전ㅣ내 사주 구성, 일지, 월지로 
[21:59:38] [125/259] yjBoFOrtZ78 SKIP (exists)
[21:59:43] [126/259] _ftUIhcWaVM OK (57017 chars) :: [홍염🌺] 25년  을사년 재물운 총운 리딩 풀영상 다시보기(25년부터 28년까지, 어떻게
[21:59:44] [127/259] YHqzIdmdwvQ SKIP (exists)
[21:59:50] [128/259] n5iT1WwSmgA OK (21557 chars) :: [다시보기🍀]25년 신년운세 멤버십라이브 총운 전 인트로 라이브
[21:59:55] [129/259] nbDWB99z2cg OK (56979 chars) :: [홍염🌺] 25년  을사년 신년운세 총운 1편 풀영상 다시보기(지지로 보는 25년 1년운세
[21:59:56] [130/259] lQE5kWBt6Zc SKIP (exists)
[21:59:57] [131/259] JJLf2EAVSho SKIP (exists)
[21:59:58] [132/259] srncauynzTw SKIP (exists)
[21:59:59] [133/259] MtP9MSn9hl4 SKIP (exists)
[22:00:00] [134/259] g6gc3v2lleo SKIP (exists)
[22:00:01] [135/259] uMGbLN-m3mI SKIP (exists)
[22:00:06] [136/259] 5AK6V93YdH8 OK (3479 chars) :: [홍염🌺] 충 많은 사주의 의외의 장점 + 부동산으로 크게 성공하는 사주의 공통점
[22:00:07] [137/259] fTpXuWLd9DM SKIP (exists)
[22:00:08] [138/259] yhJrZbg-qbA SKIP (exists)
[22:00:09] [139/259] Kil7zPN1Q8c SKIP (exists)
[22:00:10] [140/259] T7UQDNLwySQ SKIP (exists)
[22:00:11] [141/259] uVMW_Mknsu4 SKIP (exists)
[22:00:12] [142/259] HbsnHAzilL8 SKIP (exists)
[22:00:13] [143/259] MAk4ijyIkHw SKIP (exists)
[22:00:14] [144/259] 5SM82rhWs-0 SKIP (exists)
[22:00:19] [145/259] 7z9YQrlvMjA OK (27376 chars) :: [홍염🌺] 24년 하반기 운세ㅣ사주별로 하반기에 지켜야 하는 것들과 중요한 흐름(일지, 월
[22:00:20] [146/259] f9-p9uxCDj4 SKIP (exists)
[22:00:21] [147/259] h4QQewUuAKI SKIP (exists)
[22:00:22] [148/259] Z9wu5X2HIqA SKIP (exists)
[22:00:28] [149/259] xgU-imzhMSo NO_KO_CAPTION :: 사주에 세로로 같은 줄이 있다? 이 영상으로 끝내세요(최종편)ㅣ12가지 종류별 특징과 향후
[22:00:34] [150/259] Xv6tyMVGG88 NO_KO_CAPTION :: 간여지동 사주가 과거보다 요즘 더 대박나는 이유🌌ㅣ간여지동 장점과 위치별 해석법과 200%
[22:00:35] [151/259] QpevQ48fu48 SKIP (exists)
[22:00:36] [152/259] nygIAOJA5nw SKIP (exists)
[22:00:37] [153/259] GlfU8FxeUA8 SKIP (exists)
[22:00:38] [154/259] jqG3vNTkE5w SKIP (exists)
[22:00:39] [155/259] 6oWy16JDWy4 SKIP (exists)
[22:00:40] [156/259] iZK8iXCbPLw SKIP (exists)
[22:00:41] [157/259] _3ifZZLqiJs SKIP (exists)
[22:00:42] [158/259] 5hhtuaJ3ZAI SKIP (exists)
[22:00:43] [159/259] PgfikxJbtkU SKIP (exists)
[22:00:44] [160/259] f-IwYteO31g SKIP (exists)
[22:00:45] [161/259] hAB_Guc67wk SKIP (exists)
[22:00:46] [162/259] FQFn50b5Puk SKIP (exists)
[22:00:47] [163/259] 8cIfHjtcOGQ SKIP (exists)
[22:00:48] [164/259] 7hCA91KPO-Q SKIP (exists)
[22:00:49] [165/259] k5uT3mVn9sM SKIP (exists)
[22:00:50] [166/259] JlHMZ7W_5P0 SKIP (exists)
[22:00:51] [167/259] 9QxeOe9YePA SKIP (exists)
[22:00:52] [168/259] J_hAAoWgl6g SKIP (exists)
[22:00:53] [169/259] Cze75yL7KrM SKIP (exists)
[22:00:54] [170/259] 0bt7Tthh0Uo SKIP (exists)
[22:00:55] [171/259] rlEndeiZC1A SKIP (exists)
[22:00:56] [172/259] vaVeraLH2cA SKIP (exists)
[22:00:57] [173/259] LxWOHkb83rg SKIP (exists)
[22:00:58] [174/259] RDnI8YmqxiA SKIP (exists)
[22:00:59] [175/259] 5MGLF0bf5uY SKIP (exists)
[22:01:00] [176/259] usJ2dOCC_xQ SKIP (exists)
[22:01:01] [177/259] lqAYv-8RxgI SKIP (exists)
[22:01:02] [178/259] iB3rIQ1s5cg SKIP (exists)
[22:01:03] [179/259] NcVrXCQfueE SKIP (exists)
[22:01:04] [180/259] 1bDCxXsxDS8 SKIP (exists)
[22:01:05] [181/259] Soy2YhFrFgM SKIP (exists)
[22:01:06] [182/259] buyszXEwVao SKIP (exists)
[22:01:07] [183/259] 4-TZbMZVpdQ SKIP (exists)
[22:01:08] [184/259] kjXJrjFgzyc SKIP (exists)
[22:01:09] [185/259] ePGHKb38KuU SKIP (exists)
[22:01:10] [186/259] cU-NNTocv_o SKIP (exists)
[22:01:11] [187/259] f_Z4ZgsOdLc SKIP (exists)
[22:01:12] [188/259] S--sJwiLI6M SKIP (exists)
[22:01:13] [189/259] i3ihBIaLWPQ SKIP (exists)
[22:01:14] [190/259] oBzfusEOdMY SKIP (exists)
[22:01:15] [191/259] RNaXmpHKnaI SKIP (exists)
[22:01:16] [192/259] sinPPkIhi9o SKIP (exists)
[22:01:17] [193/259] bezweordZYA SKIP (exists)
[22:01:18] [194/259] zV5r61fI7zE SKIP (exists)
[22:01:19] [195/259] OyWMkMM1Rxw SKIP (exists)
[22:01:20] [196/259] Eh3NO6tF9zk SKIP (exists)
[22:01:21] [197/259] e8FNV7JAcao SKIP (exists)
[22:01:22] [198/259] BoP0bxW3XAo SKIP (exists)
[22:01:23] [199/259] 05zw4geLxUE SKIP (exists)
[22:01:24] [200/259] 7UPOzS4oJms SKIP (exists)
[22:01:25] [201/259] 5FicObGJHlY SKIP (exists)
[22:01:26] [202/259] iGUblr7Ts38 SKIP (exists)
[22:01:27] [203/259] JchNg3hnHtw SKIP (exists)
[22:01:28] [204/259] TSyBimyglxQ SKIP (exists)
[22:01:29] [205/259] 0fSdulW3K-4 SKIP (exists)
[22:01:30] [206/259] L1FB3EWqkrw SKIP (exists)
[22:01:31] [207/259] XPDOcsTvFAQ SKIP (exists)
[22:01:32] [208/259] xOcikQJ6j_U SKIP (exists)
[22:01:33] [209/259] p1pEx1tkdQE SKIP (exists)
[22:01:34] [210/259] gDDyZkXcfpI SKIP (exists)
[22:01:35] [211/259] oE_5Lruwe30 SKIP (exists)
[22:01:36] [212/259] Q7TbralZp5w SKIP (exists)
[22:01:37] [213/259] Akl_furFk7k SKIP (exists)
[22:01:38] [214/259] tIjb3ZaKh7c SKIP (exists)
[22:01:39] [215/259] S8WRMGzni0k SKIP (exists)
[22:01:40] [216/259] RqgNsROCqaQ SKIP (exists)
[22:01:41] [217/259] iutB4e0Aq5g SKIP (exists)
[22:01:42] [218/259] JiuGGi_w3lY SKIP (exists)
[22:01:43] [219/259] uzZjlpOzAX4 SKIP (exists)
[22:01:44] [220/259] HMtJnqSDG-U SKIP (exists)
[22:01:45] [221/259] C4nxRtqsPIY SKIP (exists)
[22:01:46] [222/259] pNOqeQE-8VY SKIP (exists)
[22:01:47] [223/259] gquIOverZW8 SKIP (exists)
[22:01:48] [224/259] m7cf9FYk0Jw SKIP (exists)
[22:01:49] [225/259] WFKgoJef0uM SKIP (exists)
[22:01:50] [226/259] ZGctMY87eiE SKIP (exists)
[22:01:51] [227/259] C8ckZsMLB30 SKIP (exists)
[22:01:52] [228/259] h2-mlG5Xaog SKIP (exists)
[22:01:53] [229/259] gVMbkzm7zT8 SKIP (exists)
[22:01:54] [230/259] Oa3mln8GqZg SKIP (exists)
[22:01:55] [231/259] oVuus4OINy0 SKIP (exists)
[22:01:56] [232/259] JVa2RcrSI3Y SKIP (exists)
[22:02:02] [233/259] s6yCJlfsC2s NO_KO_CAPTION :: 말년운은 미리 알고 있어야 대박납니다 💸내 관상 + 사주로 보는 말년운 예상 시나리오
[22:02:03] [234/259] 6mbUhGY5MQ0 SKIP (exists)
[22:02:04] [235/259] asp0sPTPl2Q SKIP (exists)
[22:02:05] [236/259] sGZhl-HQTKA SKIP (exists)
[22:02:09] [237/259] JPOHjEOSsto OK (5345 chars) :: 실화주의) 사주팔자 같은 사람들이 실제 겪은 사건들ㅣ쿠키영상 포함◆
[22:02:10] [238/259] sIdlhPO2Ado SKIP (exists)
[22:02:11] [239/259] 8k_WR69ZeQM SKIP (exists)
[22:02:12] [240/259] jxoxkl1WZHM SKIP (exists)
[22:02:13] [241/259] d79uykAeN8E SKIP (exists)
[22:02:14] [242/259] 1J8V1iabvQY SKIP (exists)
[22:02:15] [243/259] nBYU5N6MIVM SKIP (exists)
[22:02:16] [244/259] wrS7B_Za56Y SKIP (exists)
[22:02:17] [245/259] gB29SELVya0 SKIP (exists)
[22:02:18] [246/259] 1CcVIkrBd4w SKIP (exists)
[22:02:24] [247/259] kHaL2Y5qbUY OK (2484 chars) :: 202❌년도에 우울증 걸린다?ㅣ내 사주로 미리 보는 우울증 걸리는 나이(Ft. 우울증 오는
[22:02:25] [248/259] 6UZ1yJCucA0 SKIP (exists)
[22:02:30] [249/259] XdnSJZJZTKk OK (2760 chars) :: [홍염🌺]이름 뭐하지? 2탄✍나를 성공 시켜주는 이름 이렇게 찾습니다ㅣ내 이름 좋은지 나쁜
[22:02:35] [250/259] o2W75GXrrrg OK (4078 chars) :: [홍염🌺]이름 추천 + 내 이름 테스트 1탄✍내 사주팔자에 딱 맞는 이름 찾는 방법 1탄ㅣ
[22:02:40] [251/259] KsHHrRY1d_c OK (2951 chars) :: 대운 나한테 들어 왔다고? 내가 직접 겪은 대운(대박운) 들어올 때  3가지 현상과 징조
[22:02:45] [252/259] -MoVbcCyqtM OK (2399 chars) :: 연상연하 중 나는 누구랑 엮이게 될까? ㅣ내 사주로 보는 연애상대로 연상연하 테스트
[22:02:46] [253/259] A7MwVr95OvA SKIP (exists)
[22:02:52] [254/259] RKi4mnDU62Y OK (2956 chars) :: 이성에게 인기 많을수록 위험한 홍염살?ㅣ이성관계 특히 조심해야 하는 사람
[22:02:56] [255/259] EcKOCkQqNx8 OK (3708 chars) :: 레즈비언 사주!? 핵존잘남 만나던 그녀가 여자를 만나는 이유ㅣ크리스틴 스튜어트 사주풀이 -
[22:03:01] [256/259] Y7O3vFkKBIE OK (3347 chars) :: 레즈비언 사주는 어떤 특징이 있을까?ㅣ레즈비언 사주 속 남자는 어떻게 있을까?
[22:03:16] [257/259] -hvURIjTr8Y OK (3962 chars) :: 아리아나 그란데 사주팔자는 보통 사람 사주일까?
[22:03:22] [258/259] 8X98TRWmBTo OK (2936 chars) :: 게이 사주에 나타나는 특징ㅣ홍석천 사주로 알아보는 게이 사주특징
[22:03:23] [259/259] NaAwl5Tx1s0 SKIP (exists)
[22:03:24] ==== DONE: {'skip': 182, 'ok': 70, 'no_caption': 7} ====
