07-20 11:47:03 [2/2] === WHISPER(generic/mlx large-v3): 초코서당(초명) ===
07-20 11:47:03 [2/2] 대상 279개 | 이미 완료 1개 | 이 스트림 처리 139개
07-20 11:47:03 [2/2] 총 오디오 45.8시간 (이 스트림)
07-20 11:47:03 [1/2] === WHISPER(generic/mlx large-v3): 초코서당(초명) ===
07-20 11:47:03 [1/2] 대상 279개 | 이미 완료 1개 | 이 스트림 처리 139개
07-20 11:47:03 [1/2] 총 오디오 45.8시간 (이 스트림)
07-20 11:47:04 [2/2] engine: mlx-whisper (Mac GPU)  repo=mlx-community/whisper-large-v3-mlx  lang=ko
07-20 11:47:04 [1/2] engine: mlx-whisper (Mac GPU)  repo=mlx-community/whisper-large-v3-mlx  lang=ko
07-20 11:47:06 [2/2] [1/139] FAIL lXUjlOldMSE : RuntimeError('MEMBERSHIP_BLOCKED(티어부족/쿠키만료)')
07-20 11:47:06 [1/2] [1/139] FAIL xXn-EU1_NaI : RuntimeError('MEMBERSHIP_BLOCKED(티어부족/쿠키만료)')
07-20 11:47:09 [1/2] [2/139] FAIL PwN-519KFs4 : RuntimeError('MEMBERSHIP_BLOCKED(티어부족/쿠키만료)')
07-20 11:52:07 [1/2] [3/139] OK 자신이 죽는 날짜가 사주에 나와있다고?            299s ( 4.6x) | ok=1 fail=2 | 남은 10.1h
07-20 11:52:26 [2/2] [2/139] OK 식상은 독이 든 성배다                     320s ( 4.7x) | ok=1 fail=1 | 남은 9.7h
07-20 11:54:57 [1/2] [4/139] OK 좋은 운이라면서 왜 힘든 걸까?                169s ( 4.4x) | ok=2 fail=2 | 남은 10.1h
07-20 11:58:08 [2/2] [3/139] OK 나는 주식으로 부자가 될 수 있을까?             342s ( 3.8x) | ok=2 fail=1 | 남은 10.6h
07-20 11:58:12 [2/2] [4/139] FAIL XdajgIgXDOs : RuntimeError('MEMBERSHIP_BLOCKED(티어부족/쿠키만료)')
07-20 11:59:43 [1/2] [5/139] OK 신왕한 사주란 무엇인가?                    286s ( 3.6x) | ok=3 fail=2 | 남은 10.8h
07-20 12:01:26 [2/2] [5/139] OK 식재가 과다하면 외향적일까?                  194s ( 3.4x) | ok=3 fail=2 | 남은 11.1h
07-20 12:04:46 [2/2] [6/139] OK 고전에서 말하는 부자 사주의 구조               200s ( 3.3x) | ok=4 fail=2 | 남은 11.5h
07-20 12:05:37 [2/2] [7/139] OK 병오년 자오충의 의미                       51s ( 3.0x) | ok=5 fail=2 | 남은 11.6h
07-20 12:06:36 [1/2] [6/139] OK 전왕사주는 폭발력이 강하다                   414s ( 3.5x) | ok=4 fail=2 | 남은 11.4h
07-20 12:10:34 [1/2] [7/139] OK 무관성 사주가 욕 먹는 이유                  238s ( 3.3x) | ok=5 fail=2 | 남은 11.6h
07-20 12:11:29 [2/2] [8/139] OK 병오년에 화(火)만 이야기하면 안 돼요            352s ( 3.5x) | ok=6 fail=2 | 남은 11.7h
07-20 12:13:39 [1/2] [8/139] OK 최고의 재성은 금 재성이다                   185s ( 3.4x) | ok=6 fail=2 | 남은 11.7h
07-20 12:16:02 [2/2] [9/139] OK 편인도식을 극복하는 방법                    273s ( 3.7x) | ok=7 fail=2 | 남은 11.7h
07-20 12:17:09 [1/2] [9/139] OK 사주에 재성이 없으면?                     210s ( 3.5x) | ok=7 fail=2 | 남은 11.8h
07-20 12:18:51 [2/2] [10/139] OK 신강과 신약에 대한 오해와 편견                169s ( 3.8x) | ok=8 fail=2 | 남은 11.6h
07-20 12:20:06 [2/2] [11/139] OK 당신의 사주 실력이 늘지 않는 진짜 이유            76s ( 3.2x) | ok=9 fail=2 | 남은 11.7h
07-20 12:23:41 [1/2] [10/139] OK 충보다 합이 더 위험한 경우                  392s ( 3.5x) | ok=8 fail=2 | 남은 11.8h
07-20 12:26:36 [2/2] [12/139] OK 사주가 인생을 결정한다는 거짓말                390s ( 3.5x) | ok=10 fail=2 | 남은 11.7h
07-20 12:31:21 [1/2] [11/139] OK 사주를 하나의 관점으로만 보지 맙시다             460s ( 3.6x) | ok=9 fail=2 | 남은 11.7h
07-20 12:34:30 [2/2] [13/139] OK 식상의 재능을 나만의 무기로 만드려면?            474s ( 3.4x) | ok=11 fail=2 | 남은 11.8h
07-20 12:38:07 [1/2] [12/139] OK 부동산 전문가가 되기 좋은사주                 406s ( 3.3x) | ok=10 fail=2 | 남은 11.8h
07-20 12:41:22 [2/2] [14/139] OK 어떤 사주가 회사생활이 힘들까                 411s ( 3.3x) | ok=12 fail=2 | 남은 11.8h
07-20 12:45:47 [1/2] [13/139] OK 운에서 화가 강해지면 어떤 일이 일어날까요          460s ( 3.7x) | ok=11 fail=2 | 남은 11.6h
07-20 12:46:02 [1/2] [14/139] OK 병오년의 화 기운이 폭발적인 이유 #shorts        16s ( 3.8x) | ok=12 fail=2 | 남은 11.6h
07-20 12:46:18 [1/2] [15/139] OK 과거 병오년에 일어났던 일들 #shorts           16s ( 3.8x) | ok=13 fail=2 | 남은 11.6h
07-20 12:47:54 [2/2] [15/139] OK 사주 편재 운의 작용 원리                   392s ( 4.4x) | ok=13 fail=2 | 남은 11.4h
07-20 12:54:33 [1/2] [16/139] OK 나와 같은 사주를 가진 사람들                 494s ( 4.9x) | ok=14 fail=2 | 남은 11.0h
07-20 12:54:35 [2/2] [16/139] OK 치우친 사주는 폭발력이 강하다                 402s ( 4.4x) | ok=14 fail=2 | 남은 11.0h
07-20 13:00:17 [2/2] [17/139] OK 화(火)가 들어와야 대박이 터지는 사주            342s ( 4.2x) | ok=15 fail=2 | 남은 10.8h
07-20 13:00:22 [1/2] [17/139] OK 양자역학으로 본 사주와 운명, 결정론의 허상         349s ( 4.4x) | ok=15 fail=2 | 남은 10.7h
07-20 13:03:12 [2/2] [18/139] OK 겨울생인데 불이 위험한 사주                  175s ( 4.5x) | ok=16 fail=2 | 남은 10.7h
07-20 13:04:34 [1/2] [18/139] OK 사주 좋은 병사들만 모아 전쟁하면 무조건 이길까?      252s ( 4.4x) | ok=16 fail=2 | 남은 10.5h
07-20 13:09:31 [1/2] [19/139] OK 천간과 지지의 차이                       297s ( 3.7x) | ok=17 fail=2 | 남은 10.5h
07-20 13:14:53 [1/2] [20/139] OK 사주가 만들어지는 공식/ 둔월법, 둔시법이란?        322s ( 3.3x) | ok=18 fail=2 | 남은 10.5h
07-20 13:16:35 [2/2] [19/139] OK 2026년 병오년에 일어날 환경 변화             802s ( 3.6x) | ok=17 fail=2 | 남은 10.6h
07-20 13:20:10 [1/2] [21/139] OK 강아지, 고양이도 사주 볼 수 있나요?            318s ( 3.4x) | ok=19 fail=2 | 남은 10.5h
07-20 13:23:55 [2/2] [20/139] OK 인류의 모든 사주를 계산해봤습니다               441s ( 3.6x) | ok=18 fail=2 | 남은 10.5h
07-20 13:26:20 [1/2] [22/139] OK 사주로 보는 불안과 우울의 원인                370s ( 3.4x) | ok=20 fail=2 | 남은 10.5h
07-20 13:29:08 [1/2] [23/139] OK 저는 화 운을 어떻게 대비하고 있을까요?           167s ( 3.3x) | ok=21 fail=2 | 남은 10.5h
07-20 13:30:18 [2/2] [21/139] OK 같은 사주들은 욕망이 같다                   383s ( 3.4x) | ok=19 fail=2 | 남은 10.5h
07-20 13:36:03 [2/2] [22/139] OK 경쟁자가 배우자와 재산을 다 뺏어간다고? ㅋㅋㅋ       344s ( 3.4x) | ok=20 fail=2 | 남은 10.5h
07-20 13:36:39 [1/2] [24/139] OK 나의 직업과 돈 버는 전략, 사주가 답하다          451s ( 3.4x) | ok=22 fail=2 | 남은 10.4h
07-20 13:41:05 [2/2] [23/139] OK 극단적인 저세상(?) 사주 모음                302s ( 3.5x) | ok=21 fail=2 | 남은 10.4h
07-20 13:41:08 [1/2] [25/139] OK 사주전문가가 챗GPT로 사주보고 깨달은 점          269s ( 3.3x) | ok=23 fail=2 | 남은 10.4h
07-20 13:46:32 [1/2] [26/139] OK 일지에 따라 선호하는 배우자 유형이 다릅니다         324s ( 3.4x) | ok=24 fail=2 | 남은 10.4h
07-20 13:50:49 [2/2] [24/139] OK 사주명리책 사지 마세요                     584s ( 3.3x) | ok=22 fail=2 | 남은 10.4h
07-20 13:52:47 [1/2] [27/139] OK 사주로 보는 을사년 백종원의 위기, 인사신 삼형과 삼합   375s ( 3.4x) | ok=25 fail=2 | 남은 10.3h
07-20 13:56:08 [2/2] [25/139] OK 같은 화(火)라도 일간에 따라 작용이 다릅니다.       319s ( 3.3x) | ok=23 fail=2 | 남은 10.3h
07-20 13:56:16 [1/2] [28/139] OK 2기 고급반 개강 안내/ 같이 공부해요!           209s ( 3.3x) | ok=26 fail=2 | 남은 10.3h
07-20 13:58:51 [2/2] [26/139] OK 사주에 화 기운이 강하다면? 이런 날 조심하세요       163s ( 4.5x) | ok=24 fail=2 | 남은 10.2h
07-20 13:58:56 [1/2] [29/139] OK 머리좋고 똑똑한 사주의 본질, 금백수청과 목화통명      160s ( 4.6x) | ok=27 fail=2 | 남은 10.2h
07-20 14:01:56 [1/2] [30/139] OK 일지로 배우자, 건강, 직업을 알 수 있는 이유는?     180s ( 4.7x) | ok=28 fail=2 | 남은 10.1h
07-20 14:02:37 [2/2] [27/139] OK 비견과 식상의 연애와 결혼                   226s ( 4.8x) | ok=25 fail=2 | 남은 10.1h
07-20 14:03:15 [1/2] [31/139] OK 사주에 없는 오행이 들어오는 시기                80s ( 4.5x) | ok=29 fail=2 | 남은 10.0h
07-20 14:05:15 [2/2] [28/139] OK 편재가 천간에 떠야 부자다                   157s ( 4.7x) | ok=26 fail=2 | 남은 10.0h
07-20 14:07:07 [1/2] [32/139] OK 내 사주 속 숨은 힘을 읽는 법 방법 / 왜 어떤 사람   231s ( 4.3x) | ok=30 fail=2 | 남은 9.9h
07-20 14:08:27 [2/2] [29/139] OK 오행에 따라 달라지는 십성의 특징               192s ( 4.6x) | ok=27 fail=2 | 남은 9.8h
07-20 14:12:18 [1/2] [33/139] OK 천간과 지지를 음양오행으로 보지 마세요            311s ( 4.4x) | ok=31 fail=2 | 남은 9.7h
07-20 14:12:20 [1/2] [34/139] FAIL Fb8EYTSPaWg : RuntimeError('MEMBERSHIP_BLOCKED(티어부족/쿠키만료)')
07-20 14:12:23 [1/2] [35/139] FAIL hVVoQyYUr0k : RuntimeError('MEMBERSHIP_BLOCKED(티어부족/쿠키만료)')
07-20 14:13:39 [2/2] [30/139] OK 관살혼잡은 아무런 문제가 없다!                312s ( 4.8x) | ok=28 fail=2 | 남은 9.6h
07-20 14:13:41 [2/2] [31/139] FAIL NYMcIsuOx30 : RuntimeError('MEMBERSHIP_BLOCKED(티어부족/쿠키만료)')
07-20 14:16:44 [2/2] [32/139] OK 한겨울에 태어난 사주의 문제                  183s ( 4.7x) | ok=29 fail=3 | 남은 9.5h
07-20 14:17:45 [1/2] [36/139] OK 사화(巳), 오화(午), 해수(亥), 자수(子)가 독특   322s ( 4.7x) | ok=32 fail=4 | 남은 9.6h
07-20 14:17:48 [1/2] [37/139] FAIL aCDk9nj2ALY : RuntimeError('MEMBERSHIP_BLOCKED(티어부족/쿠키만료)')
07-20 14:17:50 [1/2] [38/139] FAIL t_eD-WDkKHY : RuntimeError('MEMBERSHIP_BLOCKED(티어부족/쿠키만료)')
07-20 14:19:24 [2/2] [33/139] OK 사주만 봐도 언제 죽는지 알 수 있다면            161s ( 4.7x) | ok=30 fail=3 | 남은 9.4h
07-20 14:21:31 [1/2] [39/139] OK 사주로 보는 연애의 전략                    221s ( 4.6x) | ok=33 fail=6 | 남은 9.4h
07-20 14:21:34 [1/2] [40/139] FAIL dnb5AoqDG5U : RuntimeError('MEMBERSHIP_BLOCKED(티어부족/쿠키만료)')
07-20 14:21:36 [1/2] [41/139] FAIL 1ly5-LldNX4 : RuntimeError('MEMBERSHIP_BLOCKED(티어부족/쿠키만료)')
07-20 14:23:22 [2/2] [34/139] OK 토 인성이 많은 분은 이렇게 해결하세요            238s ( 5.0x) | ok=31 fail=3 | 남은 9.3h
07-20 14:26:06 [2/2] [35/139] OK 내 사주의 깨진 오행을 살리고 싶다면?            164s ( 4.5x) | ok=32 fail=3 | 남은 9.2h
07-20 14:29:00 [2/2] [36/139] OK 초명의 사주명리 수업 개강 안내                174s ( 4.4x) | ok=33 fail=3 | 남은 9.1h
07-20 14:29:03 [2/2] [37/139] FAIL BxeMcbsh5M8 : RuntimeError('MEMBERSHIP_BLOCKED(티어부족/쿠키만료)')
07-20 14:31:52 [1/2] [42/139] OK 25년 을사년 일간별 신년운세 모음              616s ( 4.8x) | ok=34 fail=8 | 남은 9.1h
07-20 14:32:18 [2/2] [38/139] OK 갑목은 진토를 극하지 않는다                  195s ( 4.7x) | ok=34 fail=4 | 남은 9.0h
07-20 14:35:00 [2/2] [39/139] OK 갑진, 정미, 계축일주가 특별한 이유             162s ( 4.4x) | ok=35 fail=4 | 남은 8.9h
07-20 14:35:03 [2/2] [40/139] FAIL 8QJcOmT7A40 : RuntimeError('MEMBERSHIP_BLOCKED(티어부족/쿠키만료)')
07-20 14:36:02 [1/2] [43/139] OK 길신만 가득한 최고로 좋은 여자 사주             250s ( 4.9x) | ok=35 fail=8 | 남은 8.9h
07-20 14:36:05 [1/2] [44/139] FAIL lWQxEjWS_OQ : RuntimeError('MEMBERSHIP_BLOCKED(티어부족/쿠키만료)')
07-20 14:36:07 [1/2] [45/139] FAIL ySey5IiPegA : RuntimeError('MEMBERSHIP_BLOCKED(티어부족/쿠키만료)')
07-20 14:36:20 [2/2] [41/139] OK 사주명리로 보는 빅뱅과 생명의 탄생               77s ( 5.0x) | ok=36 fail=5 | 남은 8.9h
07-20 14:36:23 [2/2] [42/139] FAIL vPvSwUI_47s : RuntimeError('MEMBERSHIP_BLOCKED(티어부족/쿠키만료)')
07-20 14:36:26 [2/2] [43/139] FAIL vzdgEkGeTEQ : RuntimeError('MEMBERSHIP_BLOCKED(티어부족/쿠키만료)')
07-20 14:36:28 [2/2] [44/139] FAIL tg01DKwW4qo : RuntimeError('MEMBERSHIP_BLOCKED(티어부족/쿠키만료)')
07-20 14:36:31 [2/2] [45/139] FAIL brGJ6lzat74 : RuntimeError('MEMBERSHIP_BLOCKED(티어부족/쿠키만료)')
07-20 14:38:31 [1/2] [46/139] OK 용신을 찾는 것보다 활용하는 방법이 더 중요합니다      144s ( 5.0x) | ok=36 fail=10 | 남은 8.9h
07-20 14:39:51 [2/2] [46/139] OK 사주팔자는 아무런 잘못이 없다                 200s ( 4.6x) | ok=37 fail=9 | 남은 8.8h
07-20 14:39:54 [2/2] [47/139] FAIL SfLLH7rTAHY : RuntimeError('MEMBERSHIP_BLOCKED(티어부족/쿠키만료)')
07-20 14:40:15 [1/2] [47/139] OK 왜 사주가 안 맞을까? / 2기 초급반, 1기 심화반    104s ( 4.7x) | ok=37 fail=10 | 남은 8.8h
07-20 14:41:22 [2/2] [48/139] OK 여자들이 사주를 더 많이 보는 이유               87s ( 4.8x) | ok=38 fail=10 | 남은 8.8h
07-20 14:42:41 [1/2] [48/139] OK 명리학자가 만난 최고의 사주                  145s ( 4.6x) | ok=38 fail=10 | 남은 8.7h
07-20 14:42:43 [1/2] [49/139] FAIL CgGo_LGfPto : RuntimeError('MEMBERSHIP_BLOCKED(티어부족/쿠키만료)')
07-20 14:45:31 [2/2] [49/139] OK 사주로 내가 좋아하는 일을 찾는 방법             249s ( 4.9x) | ok=39 fail=10 | 남은 8.6h
07-20 14:46:54 [1/2] [50/139] OK 사주로 보는 트럼프가 대통령이 된 이유            251s ( 4.5x) | ok=39 fail=11 | 남은 8.6h
07-20 14:46:57 [1/2] [51/139] FAIL at8q3NH1xLs : RuntimeError('MEMBERSHIP_BLOCKED(티어부족/쿠키만료)')
07-20 14:47:00 [1/2] [52/139] FAIL x2jRepE30yc : RuntimeError('MEMBERSHIP_BLOCKED(티어부족/쿠키만료)')
07-20 14:49:53 [2/2] [50/139] OK 사주로 보는 김건희의 마음/ 김건희가 윤석열과 결혼한    262s ( 4.9x) | ok=40 fail=10 | 남은 8.5h
07-20 14:49:56 [2/2] [51/139] FAIL 6UE3ybkj_cQ : RuntimeError('MEMBERSHIP_BLOCKED(티어부족/쿠키만료)')
07-20 14:49:59 [2/2] [52/139] FAIL C_fv5MOR_2A : RuntimeError('MEMBERSHIP_BLOCKED(티어부족/쿠키만료)')
07-20 14:51:47 [1/2] [53/139] OK 25년 을사년 신년운세 총론 / 화려한 꽃을 피우기 위   287s ( 4.6x) | ok=40 fail=13 | 남은 8.5h
07-20 14:53:54 [2/2] [53/139] OK 사주로 보는 윤석열의 마음과 계엄령의 배경          236s ( 4.5x) | ok=41 fail=12 | 남은 8.4h
07-20 14:56:17 [1/2] [54/139] OK 편관이 힘들게 해도 웃는 자가 일류다             270s ( 4.5x) | ok=41 fail=13 | 남은 8.4h
07-20 14:56:21 [2/2] [54/139] OK 대기업 때려치고 명리학을 강의하는 이유            146s ( 4.3x) | ok=42 fail=12 | 남은 8.4h
07-20 14:56:23 [2/2] [55/139] FAIL sj8OueEIc0c : RuntimeError('MEMBERSHIP_BLOCKED(티어부족/쿠키만료)')
07-20 14:56:26 [2/2] [56/139] FAIL VC9s3A40jXY : RuntimeError('MEMBERSHIP_BLOCKED(티어부족/쿠키만료)')
07-20 14:56:28 [2/2] [57/139] FAIL M9Anx73ls2Y : RuntimeError('MEMBERSHIP_BLOCKED(티어부족/쿠키만료)')
07-20 14:58:31 [1/2] [55/139] OK 나를 이해하고 삶의 방향을 찾는 방법 / 사주 명리학    135s ( 4.5x) | ok=42 fail=13 | 남은 8.3h
07-20 14:59:56 [2/2] [58/139] OK 신약한 사주가 살아가는 법                   207s ( 4.3x) | ok=43 fail=15 | 남은 8.3h
07-20 15:00:13 [1/2] [56/139] OK 밤에 잠을 아껴야 수 기운이 들어올까?            102s ( 4.2x) | ok=43 fail=13 | 남은 8.3h
07-20 15:00:16 [1/2] [57/139] FAIL wltzjAtAqXI : RuntimeError('MEMBERSHIP_BLOCKED(티어부족/쿠키만료)')
07-20 15:00:18 [1/2] [58/139] FAIL 9HmEN5qgeuI : RuntimeError('MEMBERSHIP_BLOCKED(티어부족/쿠키만료)')
07-20 15:00:21 [1/2] [59/139] FAIL Y5VXlie-dxA : RuntimeError('MEMBERSHIP_BLOCKED(티어부족/쿠키만료)')
07-20 15:00:24 [1/2] [60/139] FAIL 0KWMf9yM8GI : RuntimeError('MEMBERSHIP_BLOCKED(티어부족/쿠키만료)')
07-20 15:00:26 [1/2] [61/139] FAIL vKWIXWZCSXo : RuntimeError('MEMBERSHIP_BLOCKED(티어부족/쿠키만료)')
07-20 15:00:29 [1/2] [62/139] FAIL z59aUcpIj7U : RuntimeError('MEMBERSHIP_BLOCKED(티어부족/쿠키만료)')
07-20 15:00:32 [1/2] [63/139] FAIL 49NnD_exJ80 : RuntimeError('MEMBERSHIP_BLOCKED(티어부족/쿠키만료)')
07-20 15:03:01 [2/2] [59/139] OK 1억을 준대도 출산택일을 안하는 이유             185s ( 4.6x) | ok=44 fail=15 | 남은 8.2h
07-20 15:03:19 [1/2] [64/139] OK 신강한 사주가 살아가는 모습                  168s ( 4.5x) | ok=44 fail=20 | 남은 8.2h
07-20 15:06:37 [1/2] [65/139] OK 아이 낳는 사람이 바보인 명리학적 이유            198s ( 4.2x) | ok=45 fail=20 | 남은 8.2h
